Product: MDK-ARM Professional 5.10
Component: ARM Compiler 5.04 update 1 (build 49)
Tool: armlink [5040049]

==============================================================================

Section Cross References

    main.o(.text) refers to bsp.o(.text) for BSP_Init
    usart.o(.rev16_text) refers (Special) to use_no_semi_2.o(.text) for __use_no_semihosting
    usart.o(.revsh_text) refers (Special) to use_no_semi_2.o(.text) for __use_no_semihosting
    usart.o(.text) refers (Special) to use_no_semi_2.o(.text) for __use_no_semihosting
    usart.o(.text) refers to stm32f4xx_rcc.o(.text) for RCC_AHB1PeriphClockCmd
    usart.o(.text) refers to stm32f4xx_gpio.o(.text) for GPIO_PinAFConfig
    usart.o(.text) refers to stm32f4xx_usart.o(.text) for USART_Init
    usart.o(.text) refers to misc.o(.text) for NVIC_Init
    usart.o(.bss) refers (Special) to use_no_semi_2.o(.text) for __use_no_semihosting
    usart.o(.data) refers (Special) to use_no_semi_2.o(.text) for __use_no_semihosting
    delay.o(.text) refers to misc.o(.text) for SysTick_CLKSourceConfig
    delay.o(.text) refers to delay.o(.data) for fac_us
    stm32f4xx_gpio.o(.text) refers to stm32f4xx_rcc.o(.text) for RCC_AHB1PeriphResetCmd
    stm32f4xx_rcc.o(.text) refers to stm32f4xx_rcc.o(.data) for APBAHBPrescTable
    stm32f4xx_tim.o(.text) refers to stm32f4xx_rcc.o(.text) for RCC_APB2PeriphResetCmd
    stm32f4xx_usart.o(.text) refers to stm32f4xx_rcc.o(.text) for RCC_APB2PeriphResetCmd
    startup_stm32f40_41xxx.o(STACK) refers (Special) to heapauxi.o(.text) for __use_two_region_memory
    startup_stm32f40_41xxx.o(HEAP) refers (Special) to heapauxi.o(.text) for __use_two_region_memory
    startup_stm32f40_41xxx.o(RESET) refers (Special) to heapauxi.o(.text) for __use_two_region_memory
    startup_stm32f40_41xxx.o(RESET) refers to startup_stm32f40_41xxx.o(STACK) for __initial_sp
    startup_stm32f40_41xxx.o(RESET) refers to startup_stm32f40_41xxx.o(.text) for Reset_Handler
    startup_stm32f40_41xxx.o(RESET) refers to stm32f4xx_it.o(.text) for NMI_Handler
    startup_stm32f40_41xxx.o(RESET) refers to dma1.o(.text) for DMA1_Stream3_IRQHandler
    startup_stm32f40_41xxx.o(RESET) refers to can1.o(.text) for CAN1_RX0_IRQHandler
    startup_stm32f40_41xxx.o(RESET) refers to timer.o(.text) for TIM3_IRQHandler
    startup_stm32f40_41xxx.o(RESET) refers to can2.o(.text) for CAN2_RX0_IRQHandler
    startup_stm32f40_41xxx.o(.text) refers (Special) to heapauxi.o(.text) for __use_two_region_memory
    startup_stm32f40_41xxx.o(.text) refers to system_stm32f4xx.o(.text) for SystemInit
    startup_stm32f40_41xxx.o(.text) refers to __main.o(!!!main) for __main
    startup_stm32f40_41xxx.o(.text) refers to startup_stm32f40_41xxx.o(HEAP) for Heap_Mem
    startup_stm32f40_41xxx.o(.text) refers to startup_stm32f40_41xxx.o(STACK) for Stack_Mem
    system_stm32f4xx.o(.text) refers to system_stm32f4xx.o(.data) for SystemCoreClock
    stm32f4xx_can.o(.text) refers to stm32f4xx_rcc.o(.text) for RCC_APB1PeriphResetCmd
    move.o(.text) refers to dflt_clz.o(x$fpl$dflt) for __aeabi_i2d
    move.o(.text) refers to drleqf.o(x$fpl$drleqf) for __aeabi_cdrcmple
    move.o(.text) refers to pid.o(.text) for DIS_Kick_Init
    move.o(.text) refers to stm32f4xx_tim.o(.text) for TIM_SetCompare1
    move.o(.text) refers to stm32f4xx_gpio.o(.text) for GPIO_ReadInputDataBit
    move.o(.text) refers to ni_analysis.o(.text) for Speed_analysis
    move.o(.text) refers to move.o(.data) for TAR_START
    move.o(.text) refers to main.o(.bss) for moto_dir_ctl
    move.o(.text) refers to pid.o(.data) for TragetSpeed
    move.o(.text) refers to move.o(.bss) for Origin_Angle
    move.o(.text) refers to pid.o(.bss) for TragetAngle
    control.o(.text) refers to stm32f4xx_gpio.o(.text) for GPIO_SetBits
    control.o(.text) refers to move.o(.text) for StopMove
    control.o(.text) refers to dma1.o(.text) for mainboard_send
    control.o(.text) refers to control.o(.data) for workState
    control.o(.text) refers to timer.o(.data) for led_num
    protect.o(.text) refers to control.o(.text) for SetWorkState
    protect.o(.text) refers to protect.o(.data) for Error_Check
    abs_angle.o(.text) refers to pid.o(.text) for Abs_Angle_Init
    abs_angle.o(.text) refers to can1.o(.text) for CAN1_Init
    abs_angle.o(.text) refers to dma1.o(.text) for USART3_DMA_Config
    abs_angle.o(.text) refers to move.o(.text) for StopMove
    abs_angle.o(.text) refers to move.o(.bss) for Origin_Angle
    abs_angle.o(.text) refers to abs_angle.o(.data) for AngleProportion
    abs_angle.o(.text) refers to timer.o(.data) for Angle_Init_flag
    abs_angle.o(.text) refers to main.o(.bss) for moto_dir_ctl
    abs_angle.o(.text) refers to pid.o(.data) for TragetSpeed
    led.o(.text) refers to stm32f4xx_rcc.o(.text) for RCC_AHB1PeriphClockCmd
    led.o(.text) refers to stm32f4xx_gpio.o(.text) for GPIO_Init
    timer.o(.text) refers to stm32f4xx_rcc.o(.text) for RCC_APB1PeriphClockCmd
[...]
    main.c                                   0x00000000   Number         0  main.o ABSOLUTE
    stm32f4xx_it.c                           0x00000000   Number         0  stm32f4xx_it.o ABSOLUTE
    stm32f4xx_it.c                           0x00000000   Number         0  stm32f4xx_it.o ABSOLUTE
    system_stm32f4xx.c                       0x00000000   Number         0  system_stm32f4xx.o ABSOLUTE
    system_stm32f4xx.c                       0x00000000   Number         0  system_stm32f4xx.o ABSOLUTE
    RESET                                    0x08000000   Section      392  startup_stm32f40_41xxx.o(RESET)
    !!!main                                  0x08000188   Section        8  __main.o(!!!main)
    !!!scatter                               0x08000190   Section       52  __scatter.o(!!!scatter)
    !!handler_copy                           0x080001c4   Section       26  __scatter_copy.o(!!handler_copy)
    !!handler_zi                             0x080001e0   Section       28  __scatter_zi.o(!!handler_zi)
    .ARM.Collect$$libinit$$00000000          0x080001fc   Section        2  libinit.o(.ARM.Collect$$libinit$$00000000)
    .ARM.Collect$$libinit$$00000001          0x080001fe   Section        4  libinit2.o(.ARM.Collect$$libinit$$00000001)
    .ARM.Collect$$libinit$$00000008          0x08000202   Section        0  libinit2.o(.ARM.Collect$$libinit$$00000008)
    .ARM.Collect$$libinit$$0000000A          0x08000202   Section        0  libinit2.o(.ARM.Collect$$libinit$$0000000A)
    .ARM.Collect$$libinit$$0000000C          0x08000202   Section        0  libinit2.o(.ARM.Collect$$libinit$$0000000C)
    .ARM.Collect$$libinit$$0000000F          0x08000202   Section        0  libinit2.o(.ARM.Collect$$libinit$$0000000F)
    .ARM.Collect$$libinit$$00000011          0x08000202   Section        0  libinit2.o(.ARM.Collect$$libinit$$00000011)
    .ARM.Collect$$libinit$$00000013          0x08000202   Section        0  libinit2.o(.ARM.Collect$$libinit$$00000013)
    .ARM.Collect$$libinit$$00000015          0x08000202   Section        0  libinit2.o(.ARM.Collect$$libinit$$00000015)
    .ARM.Collect$$libinit$$00000017          0x08000202   Section        0  libinit2.o(.ARM.Collect$$libinit$$00000017)
    .ARM.Collect$$libinit$$00000019          0x08000202   Section        0  libinit2.o(.ARM.Collect$$libinit$$00000019)
    .ARM.Collect$$libinit$$0000001B          0x08000202   Section        0  libinit2.o(.ARM.Collect$$libinit$$0000001B)
    .ARM.Collect$$libinit$$0000001D          0x08000202   Section        0  libinit2.o(.ARM.Collect$$libinit$$0000001D)
    .ARM.Collect$$libinit$$0000001F          0x08000202   Section        0  libinit2.o(.ARM.Collect$$libinit$$0000001F)
    .ARM.Collect$$libinit$$00000021          0x08000202   Section        0  libinit2.o(.ARM.Collect$$libinit$$00000021)
    .ARM.Collect$$libinit$$00000023          0x08000202   Section        0  libinit2.o(.ARM.Collect$$libinit$$00000023)
    .ARM.Collect$$libinit$$0000002A          0x08000202   Section        0  libinit2.o(.ARM.Collect$$libinit$$0000002A)
    .ARM.Collect$$libinit$$0000002C          0x08000202   Section        0  libinit2.o(.ARM.Collect$$libinit$$0000002C)
    .ARM.Collect$$libinit$$0000002E          0x08000202   Section        0  libinit2.o(.ARM.Collect$$libinit$$0000002E)
    .ARM.Collect$$libinit$$00000030          0x08000202   Section        0  libinit2.o(.ARM.Collect$$libinit$$00000030)
    .ARM.Collect$$libinit$$00000031          0x08000202   Section        2  libinit2.o(.ARM.Collect$$libinit$$00000031)
    .ARM.Collect$$libshutdown$$00000000      0x08000204   Section        2  libshutdown.o(.ARM.Collect$$libshutdown$$00000000)
    .ARM.Collect$$libshutdown$$00000003      0x08000206   Section        0  libshutdown2.o(.ARM.Collect$$libshutdown$$00000003)
    .ARM.Collect$$libshutdown$$00000006      0x08000206   Section        0  libshutdown2.o(.ARM.Collect$$libshutdown$$00000006)
    .ARM.Collect$$libshutdown$$00000009      0x08000206   Section        0  libshutdown2.o(.ARM.Collect$$libshutdown$$00000009)
    .ARM.Collect$$libshutdown$$0000000B      0x08000206   Section        0  libshutdown2.o(.ARM.Collect$$libshutdown$$0000000B)
    .ARM.Collect$$libshutdown$$0000000E      0x08000206   Section        0  libshutdown2.o(.ARM.Collect$$libshutdown$$0000000E)
    .ARM.Collect$$libshutdown$$0000000F      0x08000206   Section        2  libshutdown2.o(.ARM.Collect$$libshutdown$$0000000F)
    .ARM.Collect$$rtentry$$00000000          0x08000208   Section        0  rtentry.o(.ARM.Collect$$rtentry$$00000000)
    .ARM.Collect$$rtentry$$00000002          0x08000208   Section        0  rtentry2.o(.ARM.Collect$$rtentry$$00000002)
    .ARM.Collect$$rtentry$$00000004          0x08000208   Section        6  rtentry4.o(.ARM.Collect$$rtentry$$00000004)
    .ARM.Collect$$rtentry$$00000009          0x0800020e   Section        0  rtentry2.o(.ARM.Collect$$rtentry$$00000009)
    .ARM.Collect$$rtentry$$0000000A          0x0800020e   Section        4  rtentry2.o(.ARM.Collect$$rtentry$$0000000A)
    .ARM.Collect$$rtentry$$0000000C          0x08000212   Section        0  rtentry2.o(.ARM.Collect$$rtentry$$0000000C)
    .ARM.Collect$$rtentry$$0000000D          0x08000212   Section        8  rtentry2.o(.ARM.Collect$$rtentry$$0000000D)
    .ARM.Collect$$rtexit$$00000000           0x0800021a   Section        2  rtexit.o(.ARM.Collect$$rtexit$$00000000)
    .ARM.Collect$$rtexit$$00000002           0x0800021c   Section        0  rtexit2.o(.ARM.Collect$$rtexit$$00000002)
    .ARM.Collect$$rtexit$$00000003           0x0800021c   Section        4  rtexit2.o(.ARM.Collect$$rtexit$$00000003)
    .ARM.Collect$$rtexit$$00000004           0x08000220   Section        6  rtexit2.o(.ARM.Collect$$rtexit$$00000004)
    .text                                    0x08000226   Section        0  main.o(.text)
    .text                                    0x08000230   Section        0  usart.o(.text)
    .text                                    0x080002f8   Section        0  misc.o(.text)
    .text                                    0x080003d8   Section        0  stm32f4xx_gpio.o(.text)
    .text                                    0x0800066c   Section        0  stm32f4xx_rcc.o(.text)
    .text                                    0x08000cc8   Section        0  stm32f4xx_tim.o(.text)
    TI4_Config                               0x08001467   Thumb Code    80  stm32f4xx_tim.o(.text)
    TI3_Config                               0x080014c9   Thumb Code    72  stm32f4xx_tim.o(.text)
    TI2_Config                               0x0800152b   Thumb Code    90  stm32f4xx_tim.o(.text)
    TI1_Config                               0x08001597   Thumb Code    58  stm32f4xx_tim.o(.text)
    .text                                    0x0800196c   Section        0  stm32f4xx_usart.o(.text)
    .text                                    0x08001dc0   Section       64  startup_stm32f40_41xxx.o(.text)
    $v0                                      0x08001dc0   Number         0  startup_stm32f40_41xxx.o(.text)
    .text                                    0x08001e00   Section        0  stm32f4xx_it.o(.text)
    .text                                    0x08001e1c   Section        0  system_stm32f4xx.o(.text)
    SetSysClock                              0x08001e1d   Thumb Code   220  system_stm32f4xx.o(.text)
    .text                                    0x0800202c   Section        0  stm32f4xx_can.o(.text)
    CheckITStatus                            0x0800282f   Thumb Code    18  stm32f4xx_can.o(.text)
    .text                                    0x08002a1c   Section        0  stm32f4xx_dma.o(.text)
    .text                                    0x08002dc4   Section        0  move.o(.text)
    .text                                    0x08002f98   Section        0  control.o(.text)
    .text                                    0x08003180   Section        0  abs_angle.o(.text)
    .text                                    0x08003398   Section        0  led.o(.text)
    .text                                    0x080033cc   Section        0  timer.o(.text)
    .text                                    0x080034fc   Section        0  bsp.o(.text)
    .text                                    0x08003538   Section        0  can1.o(.text)
    .text                                    0x080036d8   Section        0  can2.o(.text)
    .text                                    0x080038e0   Section        0  key.o(.text)
    .text                                    0x08003910   Section        0  dma1.o(.text)
    .text                                    0x08003c60   Section        0  gpio.o(.text)
    .text                                    0x08003c90   Section        0  rxanalysis.o(.text)
    .text                                    0x08003f28   Section        0  crc_check.o(.text)
    .text                                    0x08003f7c   Section        0  ni_analysis.o(.text)
    .text                                    0x080042a8   Section        0  pid.o(.text)
    .text                                    0x08004d1c   Section        2  use_no_semi_2.o(.text)
    .text                                    0x08004d1e   Section      138  rt_memcpy_v6.o(.text)
    .text                                    0x08004da8   Section        0  heapauxi.o(.text)
    .text                                    0x08004dae   Section        2  use_no_semi.o(.text)
    .text                                    0x08004db0   Section        0  _rserrno.o(.text)
    .text                                    0x08004dc6   Section      100  rt_memcpy_w.o(.text)
    .text                                    0x08004e2c   Section        8  rt_errno_addr_intlibspace.o(.text)
    .text                                    0x08004e34   Section        8  libspace.o(.text)
    .text                                    0x08004e3c   Section       74  sys_stackheap_outer.o(.text)
    .text                                    0x08004e86   Section        0  exit.o(.text)
    i.__ARM_fpclassify                       0x08004e92   Section        0  fpclassify.o(i.__ARM_fpclassify)
    i.__hardfp_atan                          0x08004ec8   Section        0  atan.o(i.__hardfp_atan)
    i.__hardfp_sqrt                          0x080051a8   Section        0  sqrt.o(i.__hardfp_sqrt)
    i.__kernel_poly                          0x08005222   Section        0  poly.o(i.__kernel_poly)
    i.__mathlib_dbl_underflow                0x08005320   Section        0  dunder.o(i.__mathlib_dbl_underflow)
    i.fabs                                   0x08005340   Section        0  fabs.o(i.fabs)
    x$fpl$basic                              0x08005358   Section       24  basic.o(x$fpl$basic)
    $v0                                      0x08005358   Number         0  basic.o(x$fpl$basic)
    x$fpl$dadd                               0x08005370   Section      336  daddsub_clz.o(x$fpl$dadd)
    $v0                                      0x08005370   Number         0  daddsub_clz.o(x$fpl$dadd)
    _dadd1                                   0x08005381   Thumb Code     0  daddsub_clz.o(x$fpl$dadd)
    x$fpl$dcmpinf                            0x080054c0   Section       24  dcmpi.o(x$fpl$dcmpinf)
    $v0                                      0x080054c0   Number         0  dcmpi.o(x$fpl$dcmpinf)
    x$fpl$ddiv                               0x080054d8   Section      688  ddiv.o(x$fpl$ddiv)
    $v0                                      0x080054d8   Number         0  ddiv.o(x$fpl$ddiv)
    ddiv_entry                               0x080054df   Thumb Code     0  ddiv.o(x$fpl$ddiv)
    x$fpl$dfix                               0x08005788   Section       94  dfix.o(x$fpl$dfix)
    $v0                                      0x08005788   Number         0  dfix.o(x$fpl$dfix)
    x$fpl$dflt                               0x080057e6   Section       46  dflt_clz.o(x$fpl$dflt)
    $v0                                      0x080057e6   Number         0  dflt_clz.o(x$fpl$dflt)
    x$fpl$dfltu                              0x08005814   Section       38  dflt_clz.o(x$fpl$dfltu)
    $v0                                      0x08005814   Number         0  dflt_clz.o(x$fpl$dfltu)
    x$fpl$dleqf                              0x0800583c   Section      120  dleqf.o(x$fpl$dleqf)
    $v0                                      0x0800583c   Number         0  dleqf.o(x$fpl$dleqf)
    x$fpl$dmul                               0x080058b4   Section      340  dmul.o(x$fpl$dmul)
    $v0                                      0x080058b4   Number         0  dmul.o(x$fpl$dmul)
    x$fpl$dnaninf                            0x08005a08   Section      156  dnaninf.o(x$fpl$dnaninf)
    $v0                                      0x08005a08   Number         0  dnaninf.o(x$fpl$dnaninf)
    x$fpl$dretinf                            0x08005aa4   Section       12  dretinf.o(x$fpl$dretinf)
    $v0                                      0x08005aa4   Number         0  dretinf.o(x$fpl$dretinf)
    x$fpl$drleqf                             0x08005ab0   Section      108  drleqf.o(x$fpl$drleqf)
    $v0                                      0x08005ab0   Number         0  drleqf.o(x$fpl$drleqf)
    x$fpl$drsb                               0x08005b1c   Section       22  daddsub_clz.o(x$fpl$drsb)
    $v0                                      0x08005b1c   Number         0  daddsub_clz.o(x$fpl$drsb)
    x$fpl$dsqrt                              0x08005b34   Section      408  dsqrt_umaal.o(x$fpl$dsqrt)
    $v0                                      0x08005b34   Number         0  dsqrt_umaal.o(x$fpl$dsqrt)
    x$fpl$dsub                               0x08005ccc   Section      468  daddsub_clz.o(x$fpl$dsub)
    $v0                                      0x08005ccc   Number         0  daddsub_clz.o(x$fpl$dsub)
    _dsub1                                   0x08005cdd   Thumb Code     0  daddsub_clz.o(x$fpl$dsub)
    x$fpl$fpinit                             0x08005ea0   Section       10  fpinit.o(x$fpl$fpinit)
    $v0                                      0x08005ea0   Number         0  fpinit.o(x$fpl$fpinit)
    .constdata                               0x08005eaa   Section      768  crc_check.o(.constdata)
    x$fpl$usenofp                            0x08005eaa   Section        0  usenofp.o(x$fpl$usenofp)
    .constdata                               0x080061b0   Section      152  atan.o(.constdata)
    atanhi                                   0x080061b0   Data          32  atan.o(.constdata)
    atanlo                                   0x080061d0   Data          32  atan.o(.constdata)
    aTodd                                    0x080061f0   Data          40  atan.o(.constdata)
    aTeven                                   0x08006218   Data          48  atan.o(.constdata)
    .data                                    0x20000000   Section       16  stm32f4xx_rcc.o(.data)
    APBAHBPrescTable                         0x20000000   Data          16  stm32f4xx_rcc.o(.data)
    .data                                    0x20000010   Section       20  system_stm32f4xx.o(.data)
    .data                                    0x20000024   Section       17  move.o(.data)
    .data                                    0x20000038   Section       16  control.o(.data)
    time                                     0x20000041   Data           1  control.o(.data)
    time_count                               0x20000044   Data           4  control.o(.data)
    .data                                    0x20000048   Section       16  abs_angle.o(.data)
    .data                                    0x20000058   Section       11  timer.o(.data)
    Start_all                                0x20000062   Data           1  timer.o(.data)
    .data                                    0x20000064   Section       12  can1.o(.data)
    .data                                    0x20000070   Section        8  can2.o(.data)
    .data                                    0x20000078   Section        1  dma1.o(.data)
    .data                                    0x2000007c   Section       24  ni_analysis.o(.data)
    .data                                    0x20000094   Section       28  pid.o(.data)
    .bss                                     0x200000b0   Section      176  main.o(.bss)
    .bss                                     0x20000160   Section       16  move.o(.bss)
    .bss                                     0x20000170   Section       44  dma1.o(.bss)
    .bss                                     0x2000019c   Section       20  rxanalysis.o(.bss)
    .bss                                     0x200001b0   Section      688  pid.o(.bss)
    .bss                                     0x20000460   Section       96  libspace.o(.bss)
    HEAP                                     0x200004c0   Section      512  startup_stm32f40_41xxx.o(HEAP)
    Heap_Mem                                 0x200004c0   Data         512  startup_stm32f40_41xxx.o(HEAP)
    STACK                                    0x200006c0   Section     1024  startup_stm32f40_41xxx.o(STACK)
    Stack_Mem                                0x200006c0   Data        1024  startup_stm32f40_41xxx.o(STACK)
    __initial_sp                             0x20000ac0   Data           0  startup_stm32f40_41xxx.o(STACK)

    Global Symbols

    Symbol Name                              Value     Ov Type        Size  Object(Section)

    BuildAttributes$$THM_ISAv4$E$P$D$K$B$S$7EM$VFPi3$EXTD16$VFPS$VFMA$PE$A:L22UL41UL21$X:L11$S22US41US21$IEEE1$IW$USESV6$~STKCKD$USESV7$~SHL$OTIME$ROPI$IEEEX$EBA8$UX$STANDARDLIB$REQ8$PRES8$EABIv2 0x00000000   Number         0  anon$$obj.o ABSOLUTE
    __ARM_use_no_argv                        0x00000000   Number         0  main.o ABSOLUTE
    __ARM_exceptions_init                     - Undefined Weak Reference
    __alloca_initialize                       - Undefined Weak Reference
    __cpp_initialize__aeabi_                  - Undefined Weak Reference
    __cxa_finalize                            - Undefined Weak Reference
    __rt_locale                               - Undefined Weak Reference
    __sigvec_lookup                           - Undefined Weak Reference
    _atexit_init                              - Undefined Weak Reference
    _call_atexit_fns                          - Undefined Weak Reference
    _clock_init                               - Undefined Weak Reference
    _fp_trap_init                             - Undefined Weak Reference
    _fp_trap_shutdown                         - Undefined Weak Reference
    _get_lc_collate                           - Undefined Weak Reference
    _get_lc_ctype                             - Undefined Weak Reference
    _get_lc_monetary                          - Undefined Weak Reference
    _get_lc_numeric                           - Undefined Weak Reference
    _get_lc_time                              - Undefined Weak Reference
    _getenv_init                              - Undefined Weak Reference
    _handle_redirection                       - Undefined Weak Reference
    _init_alloc                               - Undefined Weak Reference
    _init_user_alloc                          - Undefined Weak Reference
    _initio                                   - Undefined Weak Reference
    _rand_init                                - Undefined Weak Reference
    _signal_finish                            - Undefined Weak Reference
    _signal_init                              - Undefined Weak Reference
    _terminate_alloc                          - Undefined Weak Reference
    _terminate_user_alloc                     - Undefined Weak Reference
    _terminateio                              - Undefined Weak Reference
    __Vectors_Size                           0x00000188   Number         0  startup_stm32f40_41xxx.o ABSOLUTE
    __Vectors                                0x08000000   Data           4  startup_stm32f40_41xxx.o(RESET)
    __Vectors_End                            0x08000188   Data           0  startup_stm32f40_41xxx.o(RESET)
    __main                                   0x08000189   Thumb Code     8  __main.o(!!!main)
    __scatterload                            0x08000191   Thumb Code     0  __scatter.o(!!!scatter)
    __scatterload_rt2                        0x08000191   Thumb Code    44  __scatter.o(!!!scatter)
    __scatterload_rt2_thumb_only             0x08000191   Thumb Code     0  __scatter.o(!!!scatter)
    __scatterload_null                       0x0800019f   Thumb Code     0  __scatter.o(!!!scatter)
    __scatterload_copy                       0x080001c5   Thumb Code    26  __scatter_copy.o(!!handler_copy)
    __scatterload_zeroinit                   0x080001e1   Thumb Code    28  __scatter_zi.o(!!handler_zi)
    __rt_lib_init                            0x080001fd   Thumb Code     0  libinit.o(.ARM.Collect$$libinit$$00000000)
    __rt_lib_init_fp_1                       0x080001ff   Thumb Code     0  libinit2.o(.ARM.Collect$$libinit$$00000001)
    __rt_lib_init_alloca_1                   0x08000203   Thumb Code     0  libinit2.o(.ARM.Collect$$libinit$$0000002C)
    __rt_lib_init_argv_1                     0x08000203   Thumb Code     0  libinit2.o(.ARM.Collect$$libinit$$0000002A)
    __rt_lib_init_atexit_1                   0x08000203   Thumb Code     0  libinit2.o(.ARM.Collect$$libinit$$00000019)
    __rt_lib_init_clock_1                    0x08000203   Thumb Code     0  libinit2.o(.ARM.Collect$$libinit$$0000001F)
    __rt_lib_init_cpp_1                      0x08000203   Thumb Code     0  libinit2.o(.ARM.Collect$$libinit$$00000030)
    __rt_lib_init_exceptions_1               0x08000203   Thumb Code     0  libinit2.o(.ARM.Collect$$libinit$$0000002E)
    __rt_lib_init_fp_trap_1                  0x08000203   Thumb Code     0  libinit2.o(.ARM.Collect$$libinit$$0000001D)
    __rt_lib_init_getenv_1                   0x08000203   Thumb Code     0  libinit2.o(.ARM.Collect$$libinit$$00000021)
    __rt_lib_init_heap_1                     0x08000203   Thumb Code     0  libinit2.o(.ARM.Collect$$libinit$$00000008)
    __rt_lib_init_lc_collate_1               0x08000203   Thumb Code     0  libinit2.o(.ARM.Collect$$libinit$$0000000F)
    __rt_lib_init_lc_ctype_1                 0x08000203   Thumb Code     0  libinit2.o(.ARM.Collect$$libinit$$00000011)
    __rt_lib_init_lc_monetary_1              0x08000203   Thumb Code     0  libinit2.o(.ARM.Collect$$libinit$$00000013)
    __rt_lib_init_lc_numeric_1               0x08000203   Thumb Code     0  libinit2.o(.ARM.Collect$$libinit$$00000015)
    __rt_lib_init_lc_time_1                  0x08000203   Thumb Code     0  libinit2.o(.ARM.Collect$$libinit$$00000017)
    __rt_lib_init_rand_1                     0x08000203   Thumb Code     0  libinit2.o(.ARM.Collect$$libinit$$0000000C)
    __rt_lib_init_return                     0x08000203   Thumb Code     0  libinit2.o(.ARM.Collect$$libinit$$00000031)
    __rt_lib_init_signal_1                   0x08000203   Thumb Code     0  libinit2.o(.ARM.Collect$$libinit$$0000001B)
    __rt_lib_init_stdio_1                    0x08000203   Thumb Code     0  libinit2.o(.ARM.Collect$$libinit$$00000023)
    __rt_lib_init_user_alloc_1               0x08000203   Thumb Code     0  libinit2.o(.ARM.Collect$$libinit$$0000000A)
    __rt_lib_shutdown                        0x08000205   Thumb Code     0  libshutdown.o(.ARM.Collect$$libshutdown$$00000000)
    __rt_lib_shutdown_fp_trap_1              0x08000207   Thumb Code     0  libshutdown2.o(.ARM.Collect$$libshutdown$$00000006)
    __rt_lib_shutdown_heap_1                 0x08000207   Thumb Code     0  libshutdown2.o(.ARM.Collect$$libshutdown$$0000000E)
    __rt_lib_shutdown_return                 0x08000207   Thumb Code     0  libshutdown2.o(.ARM.Collect$$libshutdown$$0000000F)
    __rt_lib_shutdown_signal_1               0x08000207   Thumb Code     0  libshutdown2.o(.ARM.Collect$$libshutdown$$00000009)
    __rt_lib_shutdown_stdio_1                0x08000207   Thumb Code     0  libshutdown2.o(.ARM.Collect$$libshutdown$$00000003)
    __rt_lib_shutdown_user_alloc_1           0x08000207   Thumb Code     0  libshutdown2.o(.ARM.Collect$$libshutdown$$0000000B)
    __rt_entry                               0x08000209   Thumb Code     0  rtentry.o(.ARM.Collect$$rtentry$$00000000)
    __rt_entry_presh_1                       0x08000209   Thumb Code     0  rtentry2.o(.ARM.Collect$$rtentry$$00000002)
    __rt_entry_sh                            0x08000209   Thumb Code     0  rtentry4.o(.ARM.Collect$$rtentry$$00000004)
    __rt_entry_li                            0x0800020f   Thumb Code     0  rtentry2.o(.ARM.Collect$$rtentry$$0000000A)
    __rt_entry_postsh_1                      0x0800020f   Thumb Code     0  rtentry2.o(.ARM.Collect$$rtentry$$00000009)
    __rt_entry_main                          0x08000213   Thumb Code     0  rtentry2.o(.ARM.Collect$$rtentry$$0000000D)
    __rt_entry_postli_1                      0x08000213   Thumb Code     0  rtentry2.o(.ARM.Collect$$rtentry$$0000000C)
    __rt_exit                                0x0800021b   Thumb Code     0  rtexit.o(.ARM.Collect$$rtexit$$00000000)
    __rt_exit_ls                             0x0800021d   Thumb Code     0  rtexit2.o(.ARM.Collect$$rtexit$$00000003)
    __rt_exit_prels_1                        0x0800021d   Thumb Code     0  rtexit2.o(.ARM.Collect$$rtexit$$00000002)
    __rt_exit_exit                           0x08000221   Thumb Code     0  rtexit2.o(.ARM.Collect$$rtexit$$00000004)
    main                                     0x08000227   Thumb Code     8  main.o(.text)
    _sys_exit                                0x08000231   Thumb Code     6  usart.o(.text)
    fputc                                    0x08000237   Thumb Code    22  usart.o(.text)
    uart_init                                0x0800024d   Thumb Code   164  usart.o(.text)
    NVIC_PriorityGroupConfig                 0x080002f9   Thumb Code    10  misc.o(.text)
    NVIC_Init                                0x08000303   Thumb Code   106  misc.o(.text)
    NVIC_SetVectorTable                      0x0800036d   Thumb Code    14  misc.o(.text)
    NVIC_SystemLPConfig                      0x0800037b   Thumb Code    34  misc.o(.text)
    SysTick_CLKSourceConfig                  0x0800039d   Thumb Code    40  misc.o(.text)
    GPIO_DeInit                              0x080003d9   Thumb Code   268  stm32f4xx_gpio.o(.text)
    GPIO_Init                                0x080004e5   Thumb Code   144  stm32f4xx_gpio.o(.text)
    GPIO_StructInit                          0x08000575   Thumb Code    18  stm32f4xx_gpio.o(.text)
    GPIO_PinLockConfig                       0x08000587   Thumb Code    34  stm32f4xx_gpio.o(.text)
    GPIO_ReadInputDataBit                    0x080005a9   Thumb Code    18  stm32f4xx_gpio.o(.text)
    GPIO_ReadInputData                       0x080005bb   Thumb Code     8  stm32f4xx_gpio.o(.text)
    GPIO_ReadOutputDataBit                   0x080005c3   Thumb Code    18  stm32f4xx_gpio.o(.text)
    GPIO_ReadOutputData                      0x080005d5   Thumb Code     8  stm32f4xx_gpio.o(.text)
    GPIO_SetBits                             0x080005dd   Thumb Code     4  stm32f4xx_gpio.o(.text)
    GPIO_ResetBits                           0x080005e1   Thumb Code     4  stm32f4xx_gpio.o(.text)
    GPIO_WriteBit                            0x080005e5   Thumb Code    10  stm32f4xx_gpio.o(.text)
    GPIO_Write                               0x080005ef   Thumb Code     4  stm32f4xx_gpio.o(.text)
    GPIO_ToggleBits                          0x080005f3   Thumb Code     8  stm32f4xx_gpio.o(.text)
    GPIO_PinAFConfig                         0x080005fb   Thumb Code    70  stm32f4xx_gpio.o(.text)
    RCC_DeInit                               0x0800066d   Thumb Code    82  stm32f4xx_rcc.o(.text)
    RCC_HSEConfig                            0x080006bf   Thumb Code    14  stm32f4xx_rcc.o(.text)
    RCC_GetFlagStatus                        0x080006cd   Thumb Code    60  stm32f4xx_rcc.o(.text)
    RCC_WaitForHSEStartUp                    0x08000709   Thumb Code    56  stm32f4xx_rcc.o(.text)
    RCC_AdjustHSICalibrationValue            0x08000741   Thumb Code    20  stm32f4xx_rcc.o(.text)
    RCC_HSICmd                               0x08000755   Thumb Code     6  stm32f4xx_rcc.o(.text)
    RCC_LSEConfig                            0x0800075b   Thumb Code    46  stm32f4xx_rcc.o(.text)
    RCC_LSICmd                               0x08000789   Thumb Code     6  stm32f4xx_rcc.o(.text)
    RCC_PLLConfig                            0x0800078f   Thumb Code    32  stm32f4xx_rcc.o(.text)
    RCC_PLLCmd                               0x080007af   Thumb Code     6  stm32f4xx_rcc.o(.text)
    RCC_PLLI2SConfig                         0x080007b5   Thumb Code    14  stm32f4xx_rcc.o(.text)
    RCC_PLLI2SCmd                            0x080007c3   Thumb Code     6  stm32f4xx_rcc.o(.text)
    RCC_PLLSAIConfig                         0x080007c9   Thumb Code    20  stm32f4xx_rcc.o(.text)
    RCC_PLLSAICmd                            0x080007dd   Thumb Code     6  stm32f4xx_rcc.o(.text)
    RCC_ClockSecuritySystemCmd               0x080007e3   Thumb Code     6  stm32f4xx_rcc.o(.text)
    RCC_MCO1Config                           0x080007e9   Thumb Code    28  stm32f4xx_rcc.o(.text)
    RCC_MCO2Config                           0x08000805   Thumb Code    28  stm32f4xx_rcc.o(.text)
    RCC_SYSCLKConfig                         0x08000821   Thumb Code    20  stm32f4xx_rcc.o(.text)
    RCC_GetSYSCLKSource                      0x08000835   Thumb Code    12  stm32f4xx_rcc.o(.text)
    RCC_HCLKConfig                           0x08000841   Thumb Code    20  stm32f4xx_rcc.o(.text)
    RCC_PCLK1Config                          0x08000855   Thumb Code    20  stm32f4xx_rcc.o(.text)
    RCC_PCLK2Config                          0x08000869   Thumb Code    22  stm32f4xx_rcc.o(.text)
    RCC_GetClocksFreq                        0x0800087f   Thumb Code   222  stm32f4xx_rcc.o(.text)
    RCC_RTCCLKConfig                         0x0800095d   Thumb Code    54  stm32f4xx_rcc.o(.text)
    RCC_RTCCLKCmd                            0x08000993   Thumb Code     8  stm32f4xx_rcc.o(.text)
    RCC_BackupResetCmd                       0x0800099b   Thumb Code     8  stm32f4xx_rcc.o(.text)
    RCC_I2SCLKConfig                         0x080009a3   Thumb Code     6  stm32f4xx_rcc.o(.text)
    RCC_SAIPLLI2SClkDivConfig                0x080009a9   Thumb Code    26  stm32f4xx_rcc.o(.text)
    RCC_SAIPLLSAIClkDivConfig                0x080009c3   Thumb Code    28  stm32f4xx_rcc.o(.text)
    RCC_SAIBlockACLKConfig                   0x080009df   Thumb Code    20  stm32f4xx_rcc.o(.text)
    RCC_SAIBlockBCLKConfig                   0x080009f3   Thumb Code    20  stm32f4xx_rcc.o(.text)
    RCC_LTDCCLKDivConfig                     0x08000a07   Thumb Code    20  stm32f4xx_rcc.o(.text)
    RCC_TIMCLKPresConfig                     0x08000a1b   Thumb Code     6  stm32f4xx_rcc.o(.text)
    RCC_AHB1PeriphClockCmd                   0x08000a21   Thumb Code    34  stm32f4xx_rcc.o(.text)
    RCC_AHB2PeriphClockCmd                   0x08000a43   Thumb Code    78  stm32f4xx_rcc.o(.text)
    RCC_AHB3PeriphClockCmd                   0x08000a91   Thumb Code    34  stm32f4xx_rcc.o(.text)
    RCC_APB1PeriphClockCmd                   0x08000ab3   Thumb Code    34  stm32f4xx_rcc.o(.text)
    RCC_APB2PeriphClockCmd                   0x08000ad5   Thumb Code    34  stm32f4xx_rcc.o(.text)
    RCC_AHB1PeriphResetCmd                   0x08000af7   Thumb Code    34  stm32f4xx_rcc.o(.text)
    RCC_AHB2PeriphResetCmd                   0x08000b19   Thumb Code    34  stm32f4xx_rcc.o(.text)
    RCC_AHB3PeriphResetCmd                   0x08000b3b   Thumb Code    34  stm32f4xx_rcc.o(.text)
    RCC_APB1PeriphResetCmd                   0x08000b5d   Thumb Code    34  stm32f4xx_rcc.o(.text)
    RCC_APB2PeriphResetCmd                   0x08000b7f   Thumb Code    34  stm32f4xx_rcc.o(.text)
    RCC_AHB1PeriphClockLPModeCmd             0x08000ba1   Thumb Code    34  stm32f4xx_rcc.o(.text)
    RCC_AHB2PeriphClockLPModeCmd             0x08000bc3   Thumb Code    34  stm32f4xx_rcc.o(.text)
    RCC_AHB3PeriphClockLPModeCmd             0x08000be5   Thumb Code    34  stm32f4xx_rcc.o(.text)
    RCC_APB1PeriphClockLPModeCmd             0x08000c07   Thumb Code    34  stm32f4xx_rcc.o(.text)
    RCC_APB2PeriphClockLPModeCmd             0x08000c29   Thumb Code    34  stm32f4xx_rcc.o(.text)
    RCC_LSEModeConfig                        0x08000c4b   Thumb Code    40  stm32f4xx_rcc.o(.text)
    RCC_ITConfig                             0x08000c73   Thumb Code    34  stm32f4xx_rcc.o(.text)
    RCC_ClearFlag                            0x08000c95   Thumb Code    18  stm32f4xx_rcc.o(.text)
    RCC_GetITStatus                          0x08000ca7   Thumb Code    22  stm32f4xx_rcc.o(.text)
    RCC_ClearITPendingBit                    0x08000cbd   Thumb Code     8  stm32f4xx_rcc.o(.text)
    TIM_DeInit                               0x08000cc9   Thumb Code   346  stm32f4xx_tim.o(.text)
    TIM_TimeBaseInit                         0x08000e23   Thumb Code   104  stm32f4xx_tim.o(.text)
    TIM_TimeBaseStructInit                   0x08000e8b   Thumb Code    18  stm32f4xx_tim.o(.text)
    TIM_PrescalerConfig                      0x08000e9d   Thumb Code     6  stm32f4xx_tim.o(.text)
    TIM_CounterModeConfig                    0x08000ea3   Thumb Code    18  stm32f4xx_tim.o(.text)
    TIM_SetCounter                           0x08000eb5   Thumb Code     4  stm32f4xx_tim.o(.text)
    TIM_SetAutoreload                        0x08000eb9   Thumb Code     4  stm32f4xx_tim.o(.text)
    TIM_GetCounter                           0x08000ebd   Thumb Code     6  stm32f4xx_tim.o(.text)
    TIM_GetPrescaler                         0x08000ec3   Thumb Code     6  stm32f4xx_tim.o(.text)
    TIM_UpdateDisableConfig                  0x08000ec9   Thumb Code    24  stm32f4xx_tim.o(.text)
    TIM_UpdateRequestConfig                  0x08000ee1   Thumb Code    24  stm32f4xx_tim.o(.text)
    TIM_ARRPreloadConfig                     0x08000ef9   Thumb Code    24  stm32f4xx_tim.o(.text)
    TIM_SelectOnePulseMode                   0x08000f11   Thumb Code    18  stm32f4xx_tim.o(.text)
    TIM_SetClockDivision                     0x08000f23   Thumb Code    18  stm32f4xx_tim.o(.text)
    TIM_Cmd                                  0x08000f35   Thumb Code    24  stm32f4xx_tim.o(.text)
    TIM_OC1Init                              0x08000f4d   Thumb Code   114  stm32f4xx_tim.o(.text)
    TIM_OC2Init                              0x08000fbf   Thumb Code   154  stm32f4xx_tim.o(.text)
    TIM_OC3Init                              0x08001059   Thumb Code   204  stm32f4xx_tim.o(.text)
    TIM_OC4Init                              0x08001125   Thumb Code   112  stm32f4xx_tim.o(.text)
    TIM_OCStructInit                         0x08001195   Thumb Code    20  stm32f4xx_tim.o(.text)
    TIM_SelectOCxM                           0x080011a9   Thumb Code    86  stm32f4xx_tim.o(.text)
    TIM_SetCompare1                          0x080011ff   Thumb Code     4  stm32f4xx_tim.o(.text)
    TIM_SetCompare2                          0x08001203   Thumb Code     4  stm32f4xx_tim.o(.text)
    TIM_SetCompare3                          0x08001207   Thumb Code     4  stm32f4xx_tim.o(.text)
    TIM_SetCompare4                          0x0800120b   Thumb Code     4  stm32f4xx_tim.o(.text)
    TIM_ForcedOC1Config                      0x0800120f   Thumb Code    18  stm32f4xx_tim.o(.text)
    TIM_ForcedOC2Config                      0x08001221   Thumb Code    26  stm32f4xx_tim.o(.text)
    TIM_ForcedOC3Config                      0x0800123b   Thumb Code    18  stm32f4xx_tim.o(.text)
    TIM_ForcedOC4Config                      0x0800124d   Thumb Code    26  stm32f4xx_tim.o(.text)
    TIM_OC1PreloadConfig                     0x08001267   Thumb Code    18  stm32f4xx_tim.o(.text)
    TIM_OC2PreloadConfig                     0x08001279   Thumb Code    26  stm32f4xx_tim.o(.text)
    TIM_OC3PreloadConfig                     0x08001293   Thumb Code    18  stm32f4xx_tim.o(.text)
    TIM_OC4PreloadConfig                     0x080012a5   Thumb Code    26  stm32f4xx_tim.o(.text)
    TIM_OC1FastConfig                        0x080012bf   Thumb Code    18  stm32f4xx_tim.o(.text)
    TIM_OC2FastConfig                        0x080012d1   Thumb Code    26  stm32f4xx_tim.o(.text)
    TIM_OC3FastConfig                        0x080012eb   Thumb Code    18  stm32f4xx_tim.o(.text)
    TIM_OC4FastConfig                        0x080012fd   Thumb Code    26  stm32f4xx_tim.o(.text)
    TIM_ClearOC1Ref                          0x08001317   Thumb Code    18  stm32f4xx_tim.o(.text)
    TIM_ClearOC2Ref                          0x08001329   Thumb Code    24  stm32f4xx_tim.o(.text)
    TIM_ClearOC3Ref                          0x08001341   Thumb Code    18  stm32f4xx_tim.o(.text)
    TIM_ClearOC4Ref                          0x08001353   Thumb Code    24  stm32f4xx_tim.o(.text)
    TIM_OC1PolarityConfig                    0x0800136b   Thumb Code    18  stm32f4xx_tim.o(.text)
    TIM_OC1NPolarityConfig                   0x0800137d   Thumb Code    18  stm32f4xx_tim.o(.text)
    TIM_OC2PolarityConfig                    0x0800138f   Thumb Code    26  stm32f4xx_tim.o(.text)
    TIM_OC2NPolarityConfig                   0x080013a9   Thumb Code    26  stm32f4xx_tim.o(.text)
    TIM_OC3PolarityConfig                    0x080013c3   Thumb Code    26  stm32f4xx_tim.o(.text)
    TIM_OC3NPolarityConfig                   0x080013dd   Thumb Code    26  stm32f4xx_tim.o(.text)
    TIM_OC4PolarityConfig                    0x080013f7   Thumb Code    26  stm32f4xx_tim.o(.text)
    TIM_CCxCmd                               0x08001411   Thumb Code    30  stm32f4xx_tim.o(.text)
    TIM_CCxNCmd                              0x0800142f   Thumb Code    30  stm32f4xx_tim.o(.text)
    TIM_SetIC4Prescaler                      0x0800144d   Thumb Code    26  stm32f4xx_tim.o(.text)
    TIM_SetIC3Prescaler                      0x080014b7   Thumb Code    18  stm32f4xx_tim.o(.text)
    TIM_SetIC2Prescaler                      0x08001511   Thumb Code    26  stm32f4xx_tim.o(.text)
    TIM_SetIC1Prescaler                      0x08001585   Thumb Code    18  stm32f4xx_tim.o(.text)
    TIM_ICInit                               0x080015d1   Thumb Code   110  stm32f4xx_tim.o(.text)
    TIM_ICStructInit                         0x0800163f   Thumb Code    18  stm32f4xx_tim.o(.text)
    TIM_PWMIConfig                           0x08001651   Thumb Code   124  stm32f4xx_tim.o(.text)
    TIM_GetCapture1                          0x080016cd   Thumb Code     6  stm32f4xx_tim.o(.text)
    TIM_GetCapture2                          0x080016d3   Thumb Code     6  stm32f4xx_tim.o(.text)
    TIM_GetCapture3                          0x080016d9   Thumb Code     6  stm32f4xx_tim.o(.text)
    TIM_GetCapture4                          0x080016df   Thumb Code     6  stm32f4xx_tim.o(.text)
    TIM_BDTRConfig                           0x080016e5   Thumb Code    32  stm32f4xx_tim.o(.text)
    TIM_BDTRStructInit                       0x08001705   Thumb Code    18  stm32f4xx_tim.o(.text)
    TIM_CtrlPWMOutputs                       0x08001717   Thumb Code    30  stm32f4xx_tim.o(.text)
    TIM_SelectCOM                            0x08001735   Thumb Code    24  stm32f4xx_tim.o(.text)
    TIM_CCPreloadControl                     0x0800174d   Thumb Code    24  stm32f4xx_tim.o(.text)
    TIM_ITConfig                             0x08001765   Thumb Code    18  stm32f4xx_tim.o(.text)
    TIM_GenerateEvent                        0x08001777   Thumb Code     4  stm32f4xx_tim.o(.text)
    TIM_GetFlagStatus                        0x0800177b   Thumb Code    18  stm32f4xx_tim.o(.text)
    TIM_ClearFlag                            0x0800178d   Thumb Code     6  stm32f4xx_tim.o(.text)
    TIM_GetITStatus                          0x08001793   Thumb Code    34  stm32f4xx_tim.o(.text)
    TIM_ClearITPendingBit                    0x080017b5   Thumb Code     6  stm32f4xx_tim.o(.text)
    TIM_DMAConfig                            0x080017bb   Thumb Code    10  stm32f4xx_tim.o(.text)
    TIM_DMACmd                               0x080017c5   Thumb Code    18  stm32f4xx_tim.o(.text)
    TIM_SelectCCDMA                          0x080017d7   Thumb Code    24  stm32f4xx_tim.o(.text)
    TIM_InternalClockConfig                  0x080017ef   Thumb Code    12  stm32f4xx_tim.o(.text)
    TIM_SelectInputTrigger                   0x080017fb   Thumb Code    18  stm32f4xx_tim.o(.text)
    TIM_ITRxExternalClockConfig              0x0800180d   Thumb Code    24  stm32f4xx_tim.o(.text)
    TIM_TIxExternalClockConfig               0x08001825   Thumb Code    62  stm32f4xx_tim.o(.text)
    TIM_ETRConfig                            0x08001863   Thumb Code    28  stm32f4xx_tim.o(.text)
    TIM_ETRClockMode1Config                  0x0800187f   Thumb Code    54  stm32f4xx_tim.o(.text)
    TIM_ETRClockMode2Config                  0x080018b5   Thumb Code    32  stm32f4xx_tim.o(.text)
    TIM_SelectOutputTrigger                  0x080018d5   Thumb Code    18  stm32f4xx_tim.o(.text)
    TIM_SelectSlaveMode                      0x080018e7   Thumb Code    18  stm32f4xx_tim.o(.text)
    TIM_SelectMasterSlaveMode                0x080018f9   Thumb Code    18  stm32f4xx_tim.o(.text)
    TIM_EncoderInterfaceConfig               0x0800190b   Thumb Code    66  stm32f4xx_tim.o(.text)
    TIM_SelectHallSensor                     0x0800194d   Thumb Code    24  stm32f4xx_tim.o(.text)
    TIM_RemapConfig                          0x08001965   Thumb Code     6  stm32f4xx_tim.o(.text)
    USART_DeInit                             0x0800196d   Thumb Code   206  stm32f4xx_usart.o(.text)
    USART_Init                               0x08001a3b   Thumb Code   204  stm32f4xx_usart.o(.text)
    USART_StructInit                         0x08001b07   Thumb Code    24  stm32f4xx_usart.o(.text)
    USART_ClockInit                          0x08001b1f   Thumb Code    32  stm32f4xx_usart.o(.text)
    USART_ClockStructInit                    0x08001b3f   Thumb Code    12  stm32f4xx_usart.o(.text)
    USART_Cmd                                0x08001b4b   Thumb Code    24  stm32f4xx_usart.o(.text)
    USART_SetPrescaler                       0x08001b63   Thumb Code    16  stm32f4xx_usart.o(.text)
    USART_OverSampling8Cmd                   0x08001b73   Thumb Code    22  stm32f4xx_usart.o(.text)
    USART_OneBitMethodCmd                    0x08001b89   Thumb Code    24  stm32f4xx_usart.o(.text)
    USART_SendData                           0x08001ba1   Thumb Code     8  stm32f4xx_usart.o(.text)
    USART_ReceiveData                        0x08001ba9   Thumb Code    10  stm32f4xx_usart.o(.text)
    USART_SetAddress                         0x08001bb3   Thumb Code    18  stm32f4xx_usart.o(.text)
    USART_ReceiverWakeUpCmd                  0x08001bc5   Thumb Code    24  stm32f4xx_usart.o(.text)
    USART_WakeUpConfig                       0x08001bdd   Thumb Code    18  stm32f4xx_usart.o(.text)
    USART_LINBreakDetectLengthConfig         0x08001bef   Thumb Code    18  stm32f4xx_usart.o(.text)
    USART_LINCmd                             0x08001c01   Thumb Code    24  stm32f4xx_usart.o(.text)
    USART_SendBreak                          0x08001c19   Thumb Code    10  stm32f4xx_usart.o(.text)
    USART_HalfDuplexCmd                      0x08001c23   Thumb Code    24  stm32f4xx_usart.o(.text)
    USART_SetGuardTime                       0x08001c3b   Thumb Code    16  stm32f4xx_usart.o(.text)
    USART_SmartCardCmd                       0x08001c4b   Thumb Code    24  stm32f4xx_usart.o(.text)
    USART_SmartCardNACKCmd                   0x08001c63   Thumb Code    24  stm32f4xx_usart.o(.text)
    USART_IrDAConfig                         0x08001c7b   Thumb Code    18  stm32f4xx_usart.o(.text)
    USART_IrDACmd                            0x08001c8d   Thumb Code    24  stm32f4xx_usart.o(.text)
    USART_DMACmd                             0x08001ca5   Thumb Code    18  stm32f4xx_usart.o(.text)
    USART_ITConfig                           0x08001cb7   Thumb Code    74  stm32f4xx_usart.o(.text)
    USART_GetFlagStatus                      0x08001d01   Thumb Code    26  stm32f4xx_usart.o(.text)
    USART_ClearFlag                          0x08001d1b   Thumb Code    18  stm32f4xx_usart.o(.text)
    USART_GetITStatus                        0x08001d2d   Thumb Code   118  stm32f4xx_usart.o(.text)
    USART_ClearITPendingBit                  0x08001da3   Thumb Code    30  stm32f4xx_usart.o(.text)
    Reset_Handler                            0x08001dc1   Thumb Code     8  startup_stm32f40_41xxx.o(.text)
    ADC_IRQHandler                           0x08001ddb   Thumb Code     0  startup_stm32f40_41xxx.o(.text)
    CAN1_RX1_IRQHandler                      0x08001ddb   Thumb Code     0  startup_stm32f40_41xxx.o(.text)
    CAN1_SCE_IRQHandler                      0x08001ddb   Thumb Code     0  startup_stm32f40_41xxx.o(.text)
    CAN1_TX_IRQHandler                       0x08001ddb   Thumb Code     0  startup_stm32f40_41xxx.o(.text)
    CAN2_RX1_IRQHandler                      0x08001ddb   Thumb Code     0  startup_stm32f40_41xxx.o(.text)
    CAN2_SCE_IRQHandler                      0x08001ddb   Thumb Code     0  startup_stm32f40_41xxx.o(.text)
    CAN2_TX_IRQHandler                       0x08001ddb   Thumb Code     0  startup_stm32f40_41xxx.o(.text)
    CRYP_IRQHandler                          0x08001ddb   Thumb Code     0  startup_stm32f40_41xxx.o(.text)
    DCMI_IRQHandler                          0x08001ddb   Thumb Code     0  startup_stm32f40_41xxx.o(.text)
    DMA1_Stream0_IRQHandler                  0x08001ddb   Thumb Code     0  startup_stm32f40_41xxx.o(.text)
    DMA1_Stream1_IRQHandler                  0x08001ddb   Thumb Code     0  startup_stm32f40_41xxx.o(.text)
    DMA1_Stream2_IRQHandler                  0x08001ddb   Thumb Code     0  startup_stm32f40_41xxx.o(.text)
    DMA1_Stream4_IRQHandler                  0x08001ddb   Thumb Code     0  startup_stm32f40_41xxx.o(.text)
    DMA1_Stream5_IRQHandler                  0x08001ddb   Thumb Code     0  startup_stm32f40_41xxx.o(.text)
    DMA1_Stream6_IRQHandler                  0x08001ddb   Thumb Code     0  startup_stm32f40_41xxx.o(.text)
    DMA1_Stream7_IRQHandler                  0x08001ddb   Thumb Code     0  startup_stm32f40_41xxx.o(.text)
    DMA2_Stream0_IRQHandler                  0x08001ddb   Thumb Code     0  startup_stm32f40_41xxx.o(.text)
    DMA2_Stream1_IRQHandler                  0x08001ddb   Thumb Code     0  startup_stm32f40_41xxx.o(.text)
    DMA2_Stream2_IRQHandler                  0x08001ddb   Thumb Code     0  startup_stm32f40_41xxx.o(.text)
    DMA2_Stream3_IRQHandler                  0x08001ddb   Thumb Code     0  startup_stm32f40_41xxx.o(.text)
    DMA2_Stream4_IRQHandler                  0x08001ddb   Thumb Code     0  startup_stm32f40_41xxx.o(.text)
    DMA2_Stream5_IRQHandler                  0x08001ddb   Thumb Code     0  startup_stm32f40_41xxx.o(.text)
    DMA2_Stream6_IRQHandler                  0x08001ddb   Thumb Code     0  startup_stm32f40_41xxx.o(.text)
    DMA2_Stream7_IRQHandler                  0x08001ddb   Thumb Code     0  startup_stm32f40_41xxx.o(.text)
    ETH_IRQHandler                           0x08001ddb   Thumb Code     0  startup_stm32f40_41xxx.o(.text)
    ETH_WKUP_IRQHandler                      0x08001ddb   Thumb Code     0  startup_stm32f40_41xxx.o(.text)
    EXTI0_IRQHandler                         0x08001ddb   Thumb Code     0  startup_stm32f40_41xxx.o(.text)
    EXTI15_10_IRQHandler                     0x08001ddb   Thumb Code     0  startup_stm32f40_41xxx.o(.text)
    EXTI1_IRQHandler                         0x08001ddb   Thumb Code     0  startup_stm32f40_41xxx.o(.text)
    EXTI2_IRQHandler                         0x08001ddb   Thumb Code     0  startup_stm32f40_41xxx.o(.text)
    EXTI3_IRQHandler                         0x08001ddb   Thumb Code     0  startup_stm32f40_41xxx.o(.text)
    EXTI4_IRQHandler                         0x08001ddb   Thumb Code     0  startup_stm32f40_41xxx.o(.text)
    EXTI9_5_IRQHandler                       0x08001ddb   Thumb Code     0  startup_stm32f40_41xxx.o(.text)
    FLASH_IRQHandler                         0x08001ddb   Thumb Code     0  startup_stm32f40_41xxx.o(.text)
    FPU_IRQHandler                           0x08001ddb   Thumb Code     0  startup_stm32f40_41xxx.o(.text)
    FSMC_IRQHandler                          0x08001ddb   Thumb Code     0  startup_stm32f40_41xxx.o(.text)
    HASH_RNG_IRQHandler                      0x08001ddb   Thumb Code     0  startup_stm32f40_41xxx.o(.text)
    I2C1_ER_IRQHandler                       0x08001ddb   Thumb Code     0  startup_stm32f40_41xxx.o(.text)
    I2C1_EV_IRQHandler                       0x08001ddb   Thumb Code     0  startup_stm32f40_41xxx.o(.text)
    I2C2_ER_IRQHandler                       0x08001ddb   Thumb Code     0  startup_stm32f40_41xxx.o(.text)
    I2C2_EV_IRQHandler                       0x08001ddb   Thumb Code     0  startup_stm32f40_41xxx.o(.text)
    I2C3_ER_IRQHandler                       0x08001ddb   Thumb Code     0  startup_stm32f40_41xxx.o(.text)
    I2C3_EV_IRQHandler                       0x08001ddb   Thumb Code     0  startup_stm32f40_41xxx.o(.text)
    OTG_FS_IRQHandler                        0x08001ddb   Thumb Code     0  startup_stm32f40_41xxx.o(.text)
    OTG_FS_WKUP_IRQHandler                   0x08001ddb   Thumb Code     0  startup_stm32f40_41xxx.o(.text)
    OTG_HS_EP1_IN_IRQHandler                 0x08001ddb   Thumb Code     0  startup_stm32f40_41xxx.o(.text)
    OTG_HS_EP1_OUT_IRQHandler                0x08001ddb   Thumb Code     0  startup_stm32f40_41xxx.o(.text)
    OTG_HS_IRQHandler                        0x08001ddb   Thumb Code     0  startup_stm32f40_41xxx.o(.text)
    OTG_HS_WKUP_IRQHandler                   0x08001ddb   Thumb Code     0  startup_stm32f40_41xxx.o(.text)
    PVD_IRQHandler                           0x08001ddb   Thumb Code     0  startup_stm32f40_41xxx.o(.text)
    RCC_IRQHandler                           0x08001ddb   Thumb Code     0  startup_stm32f40_41xxx.o(.text)
    RTC_Alarm_IRQHandler                     0x08001ddb   Thumb Code     0  startup_stm32f40_41xxx.o(.text)
    RTC_WKUP_IRQHandler                      0x08001ddb   Thumb Code     0  startup_stm32f40_41xxx.o(.text)
    SDIO_IRQHandler                          0x08001ddb   Thumb Code     0  startup_stm32f40_41xxx.o(.text)
    SPI1_IRQHandler                          0x08001ddb   Thumb Code     0  startup_stm32f40_41xxx.o(.text)
    SPI2_IRQHandler                          0x08001ddb   Thumb Code     0  startup_stm32f40_41xxx.o(.text)
    SPI3_IRQHandler                          0x08001ddb   Thumb Code     0  startup_stm32f40_41xxx.o(.text)
    TAMP_STAMP_IRQHandler                    0x08001ddb   Thumb Code     0  startup_stm32f40_41xxx.o(.text)
    TIM1_BRK_TIM9_IRQHandler                 0x08001ddb   Thumb Code     0  startup_stm32f40_41xxx.o(.text)
    TIM1_CC_IRQHandler                       0x08001ddb   Thumb Code     0  startup_stm32f40_41xxx.o(.text)
    TIM1_TRG_COM_TIM11_IRQHandler            0x08001ddb   Thumb Code     0  startup_stm32f40_41xxx.o(.text)
    TIM1_UP_TIM10_IRQHandler                 0x08001ddb   Thumb Code     0  startup_stm32f40_41xxx.o(.text)
    TIM2_IRQHandler                          0x08001ddb   Thumb Code     0  startup_stm32f40_41xxx.o(.text)
    TIM4_IRQHandler                          0x08001ddb   Thumb Code     0  startup_stm32f40_41xxx.o(.text)
    TIM5_IRQHandler                          0x08001ddb   Thumb Code     0  startup_stm32f40_41xxx.o(.text)
    TIM6_DAC_IRQHandler                      0x08001ddb   Thumb Code     0  startup_stm32f40_41xxx.o(.text)
    TIM7_IRQHandler                          0x08001ddb   Thumb Code     0  startup_stm32f40_41xxx.o(.text)
    TIM8_BRK_TIM12_IRQHandler                0x08001ddb   Thumb Code     0  startup_stm32f40_41xxx.o(.text)
    TIM8_CC_IRQHandler                       0x08001ddb   Thumb Code     0  startup_stm32f40_41xxx.o(.text)
    TIM8_TRG_COM_TIM14_IRQHandler            0x08001ddb   Thumb Code     0  startup_stm32f40_41xxx.o(.text)
    TIM8_UP_TIM13_IRQHandler                 0x08001ddb   Thumb Code     0  startup_stm32f40_41xxx.o(.text)
    UART4_IRQHandler                         0x08001ddb   Thumb Code     0  startup_stm32f40_41xxx.o(.text)
    UART5_IRQHandler                         0x08001ddb   Thumb Code     0  startup_stm32f40_41xxx.o(.text)
    USART1_IRQHandler                        0x08001ddb   Thumb Code     0  startup_stm32f40_41xxx.o(.text)
    USART2_IRQHandler                        0x08001ddb   Thumb Code     0  startup_stm32f40_41xxx.o(.text)
    USART6_IRQHandler                        0x08001ddb   Thumb Code     0  startup_stm32f40_41xxx.o(.text)
    WWDG_IRQHandler                          0x08001ddb   Thumb Code     0  startup_stm32f40_41xxx.o(.text)
    __user_initial_stackheap                 0x08001ddd   Thumb Code     0  startup_stm32f40_41xxx.o(.text)
    NMI_Handler                              0x08001e01   Thumb Code     2  stm32f4xx_it.o(.text)
    HardFault_Handler                        0x08001e03   Thumb Code     4  stm32f4xx_it.o(.text)
    MemManage_Handler                        0x08001e07   Thumb Code     4  stm32f4xx_it.o(.text)
    BusFault_Handler                         0x08001e0b   Thumb Code     4  stm32f4xx_it.o(.text)
    UsageFault_Handler                       0x08001e0f   Thumb Code     4  stm32f4xx_it.o(.text)
    SVC_Handler                              0x08001e13   Thumb Code     2  stm32f4xx_it.o(.text)
    DebugMon_Handler                         0x08001e15   Thumb Code     2  stm32f4xx_it.o(.text)
    PendSV_Handler                           0x08001e17   Thumb Code     2  stm32f4xx_it.o(.text)
    SysTick_Handler                          0x08001e19   Thumb Code     2  stm32f4xx_it.o(.text)
    SystemInit                               0x08001ef9   Thumb Code    88  system_stm32f4xx.o(.text)
    SystemCoreClockUpdate                    0x08001f51   Thumb Code   174  system_stm32f4xx.o(.text)
    CAN_DeInit                               0x0800202d   Thumb Code    50  stm32f4xx_can.o(.text)
    CAN_Init                                 0x0800205f   Thumb Code   276  stm32f4xx_can.o(.text)
    CAN_FilterInit                           0x08002173   Thumb Code   258  stm32f4xx_can.o(.text)
    CAN_StructInit                           0x08002275   Thumb Code    32  stm32f4xx_can.o(.text)
    CAN_SlaveStartBank                       0x08002295   Thumb Code    48  stm32f4xx_can.o(.text)
    CAN_DBGFreeze                            0x080022c5   Thumb Code    22  stm32f4xx_can.o(.text)
    CAN_TTComModeCmd                         0x080022db   Thumb Code   118  stm32f4xx_can.o(.text)
    CAN_Transmit                             0x08002351   Thumb Code   304  stm32f4xx_can.o(.text)
    CAN_TransmitStatus                       0x08002481   Thumb Code   138  stm32f4xx_can.o(.text)
    CAN_CancelTransmit                       0x0800250b   Thumb Code    48  stm32f4xx_can.o(.text)
    CAN_Receive                              0x0800253b   Thumb Code   240  stm32f4xx_can.o(.text)
    CAN_FIFORelease                          0x0800262b   Thumb Code    22  stm32f4xx_can.o(.text)
    CAN_MessagePending                       0x08002641   Thumb Code    30  stm32f4xx_can.o(.text)
    CAN_OperatingModeRequest                 0x0800265f   Thumb Code   162  stm32f4xx_can.o(.text)
    CAN_Sleep                                0x08002701   Thumb Code    30  stm32f4xx_can.o(.text)
    CAN_WakeUp                               0x0800271f   Thumb Code    48  stm32f4xx_can.o(.text)
    CAN_GetLastErrorCode                     0x0800274f   Thumb Code    12  stm32f4xx_can.o(.text)
    CAN_GetReceiveErrorCounter               0x0800275b   Thumb Code    10  stm32f4xx_can.o(.text)
    CAN_GetLSBTransmitErrorCounter           0x08002765   Thumb Code    12  stm32f4xx_can.o(.text)
    CAN_ITConfig                             0x08002771   Thumb Code    18  stm32f4xx_can.o(.text)
    CAN_GetFlagStatus                        0x08002783   Thumb Code   120  stm32f4xx_can.o(.text)
    CAN_ClearFlag                            0x080027fb   Thumb Code    52  stm32f4xx_can.o(.text)
    CAN_GetITStatus                          0x08002841   Thumb Code   310  stm32f4xx_can.o(.text)
    CAN_ClearITPendingBit                    0x08002977   Thumb Code   162  stm32f4xx_can.o(.text)
    DMA_DeInit                               0x08002a1d   Thumb Code   324  stm32f4xx_dma.o(.text)
    DMA_Init                                 0x08002b61   Thumb Code    82  stm32f4xx_dma.o(.text)
    DMA_StructInit                           0x08002bb3   Thumb Code    34  stm32f4xx_dma.o(.text)
    DMA_Cmd                                  0x08002bd5   Thumb Code    22  stm32f4xx_dma.o(.text)
    DMA_PeriphIncOffsetSizeConfig            0x08002beb   Thumb Code    22  stm32f4xx_dma.o(.text)
    DMA_FlowControllerConfig                 0x08002c01   Thumb Code    22  stm32f4xx_dma.o(.text)
    DMA_SetCurrDataCounter                   0x08002c17   Thumb Code     4  stm32f4xx_dma.o(.text)
    DMA_GetCurrDataCounter                   0x08002c1b   Thumb Code     8  stm32f4xx_dma.o(.text)
    DMA_DoubleBufferModeConfig               0x08002c23   Thumb Code    24  stm32f4xx_dma.o(.text)
    DMA_DoubleBufferModeCmd                  0x08002c3b   Thumb Code    22  stm32f4xx_dma.o(.text)
    DMA_MemoryTargetConfig                   0x08002c51   Thumb Code    10  stm32f4xx_dma.o(.text)
    DMA_GetCurrentMemoryTarget               0x08002c5b   Thumb Code    20  stm32f4xx_dma.o(.text)
    DMA_GetCmdStatus                         0x08002c6f   Thumb Code    20  stm32f4xx_dma.o(.text)
    DMA_GetFIFOStatus                        0x08002c83   Thumb Code    12  stm32f4xx_dma.o(.text)
    DMA_GetFlagStatus                        0x08002c8f   Thumb Code    56  stm32f4xx_dma.o(.text)
    DMA_ClearFlag                            0x08002cc7   Thumb Code    40  stm32f4xx_dma.o(.text)
    DMA_ITConfig                             0x08002cef   Thumb Code    58  stm32f4xx_dma.o(.text)
    DMA_GetITStatus                          0x08002d29   Thumb Code    84  stm32f4xx_dma.o(.text)
    DMA_ClearITPendingBit                    0x08002d7d   Thumb Code    40  stm32f4xx_dma.o(.text)
    Kick_OUT                                 0x08002dc5   Thumb Code    80  move.o(.text)
    Kick_UP                                  0x08002e15   Thumb Code    40  move.o(.text)
    Close_underdoor                          0x08002e3d   Thumb Code    22  move.o(.text)
    Open_underdoor                           0x08002e53   Thumb Code    22  move.o(.text)
    Check_ball                               0x08002e69   Thumb Code    20  move.o(.text)
    StopMove                                 0x08002e7d   Thumb Code    40  move.o(.text)
    Move_Mode_Check                          0x08002ea5   Thumb Code   122  move.o(.text)
    Limit_Speed_Angle                        0x08002f1f   Thumb Code    56  move.o(.text)
    GetWorkState                             0x08002f99   Thumb Code     6  control.o(.text)
    Led_State                                0x08002f9f   Thumb Code   236  control.o(.text)
    SetWorkState                             0x0800308b   Thumb Code     6  control.o(.text)
    Work_Execute                             0x08003091   Thumb Code   122  control.o(.text)
    control_task                             0x0800310b   Thumb Code    80  control.o(.text)
    Origin_Angle_check                       0x08003181   Thumb Code   174  abs_angle.o(.text)
    Angle_Init                               0x0800322f   Thumb Code   298  abs_angle.o(.text)
    Moto_TouchCheck                          0x08003359   Thumb Code    26  abs_angle.o(.text)
    LED_Init                                 0x08003399   Thumb Code    48  led.o(.text)
    TIM3_CAN_SEND_Init                       0x080033cd   Thumb Code   188  timer.o(.text)
    TIM3_IRQHandler                          0x08003489   Thumb Code    90  timer.o(.text)
    BSP_Init                                 0x080034fd   Thumb Code    58  bsp.o(.text)
    CAN1_Init                                0x08003539   Thumb Code   246  can1.o(.text)
    CAN1_RX0_IRQHandler                      0x0800362f   Thumb Code    64  can1.o(.text)
    CAN1_Send_Speed                          0x0800366f   Thumb Code    92  can1.o(.text)
    CAN2_Init                                0x080036d9   Thumb Code   250  can2.o(.text)
    CAN2_RX0_IRQHandler                      0x080037d3   Thumb Code    72  can2.o(.text)
    CAN2_Send_Angle                          0x0800381b   Thumb Code    92  can2.o(.text)
    CAN2_Send_Angle_Kick                     0x08003877   Thumb Code    92  can2.o(.text)
    KEY_Init                                 0x080038e1   Thumb Code    42  key.o(.text)
    USART3_DMA_Config                        0x08003911   Thumb Code   468  dma1.o(.text)
    DMA1_Stream3_IRQHandler                  0x08003ae5   Thumb Code    48  dma1.o(.text)
    USART3_IRQHandler                        0x08003b15   Thumb Code   152  dma1.o(.text)
    Mainboard_DMA_Send                       0x08003bad   Thumb Code    64  dma1.o(.text)
    mainboard_send                           0x08003bed   Thumb Code    70  dma1.o(.text)
    Ball_Check_PC2_Init                      0x08003c61   Thumb Code    42  gpio.o(.text)
    RX_Analysis_Angle                        0x08003c91   Thumb Code   474  rxanalysis.o(.text)
    RX_Analysis_Speed                        0x08003e6b   Thumb Code   168  rxanalysis.o(.text)
    Get_CRC16_Check                          0x08003f29   Thumb Code    44  crc_check.o(.text)
    Get_CRC8_Check                           0x08003f55   Thumb Code    32  crc_check.o(.text)
    Ni_analysis                              0x08003f7d   Thumb Code   126  ni_analysis.o(.text)
    Speed_analysis                           0x08003ffb   Thumb Code   622  ni_analysis.o(.text)
    PID_Init                                 0x080042a9   Thumb Code    70  pid.o(.text)
    Circle_Init                              0x080042ef   Thumb Code   852  pid.o(.text)
    PID_General_Cal                          0x08004643   Thumb Code   356  pid.o(.text)
    PID_IMU                                  0x080047a7   Thumb Code   336  pid.o(.text)
    SEND_PID                                 0x080048f7   Thumb Code   518  pid.o(.text)
    Abs_Angle_Init                           0x08004afd   Thumb Code   212  pid.o(.text)
    Kick_Init                                0x08004bd1   Thumb Code    86  pid.o(.text)
    DIS_Kick_Init                            0x08004c27   Thumb Code    74  pid.o(.text)
    PID_Kick_Send                            0x08004c71   Thumb Code   168  pid.o(.text)
    __use_no_semihosting                     0x08004d1d   Thumb Code     2  use_no_semi_2.o(.text)
    __aeabi_memcpy                           0x08004d1f   Thumb Code     0  rt_memcpy_v6.o(.text)
    __rt_memcpy                              0x08004d1f   Thumb Code   138  rt_memcpy_v6.o(.text)
    _memcpy_lastbytes                        0x08004d85   Thumb Code     0  rt_memcpy_v6.o(.text)
    __use_two_region_memory                  0x08004da9   Thumb Code     2  heapauxi.o(.text)
    __rt_heap_escrow$2region                 0x08004dab   Thumb Code     2  heapauxi.o(.text)
    __rt_heap_expand$2region                 0x08004dad   Thumb Code     2  heapauxi.o(.text)
    __I$use$semihosting                      0x08004daf   Thumb Code     0  use_no_semi.o(.text)
    __use_no_semihosting_swi                 0x08004daf   Thumb Code     2  use_no_semi.o(.text)
    __read_errno                             0x08004db1   Thumb Code    10  _rserrno.o(.text)
    __set_errno                              0x08004dbb   Thumb Code    12  _rserrno.o(.text)
    __aeabi_memcpy4                          0x08004dc7   Thumb Code     0  rt_memcpy_w.o(.text)
    __aeabi_memcpy8                          0x08004dc7   Thumb Code     0  rt_memcpy_w.o(.text)
    __rt_memcpy_w                            0x08004dc7   Thumb Code   100  rt_memcpy_w.o(.text)
    _memcpy_lastbytes_aligned                0x08004e0f   Thumb Code     0  rt_memcpy_w.o(.text)
    __aeabi_errno_addr                       0x08004e2d   Thumb Code     8  rt_errno_addr_intlibspace.o(.text)
    __errno$intlibspace                      0x08004e2d   Thumb Code     0  rt_errno_addr_intlibspace.o(.text)
    __rt_errno_addr$intlibspace              0x08004e2d   Thumb Code     0  rt_errno_addr_intlibspace.o(.text)
    __user_libspace                          0x08004e35   Thumb Code     8  libspace.o(.text)
    __user_perproc_libspace                  0x08004e35   Thumb Code     0  libspace.o(.text)
    __user_perthread_libspace                0x08004e35   Thumb Code     0  libspace.o(.text)
    __user_setup_stackheap                   0x08004e3d   Thumb Code    74  sys_stackheap_outer.o(.text)
    exit                                     0x08004e87   Thumb Code    12  exit.o(.text)
    __ARM_fpclassify                         0x08004e93   Thumb Code    48  fpclassify.o(i.__ARM_fpclassify)
    __hardfp_atan                            0x08004ec9   Thumb Code   632  atan.o(i.__hardfp_atan)
    __hardfp_sqrt                            0x080051a9   Thumb Code   122  sqrt.o(i.__hardfp_sqrt)
    __kernel_poly                            0x08005223   Thumb Code   248  poly.o(i.__kernel_poly)
    __mathlib_dbl_underflow                  0x08005321   Thumb Code    24  dunder.o(i.__mathlib_dbl_underflow)
    fabs                                     0x08005341   Thumb Code    24  fabs.o(i.fabs)
    __aeabi_dneg                             0x08005359   Thumb Code     0  basic.o(x$fpl$basic)
    _dneg                                    0x08005359   Thumb Code     6  basic.o(x$fpl$basic)
    __aeabi_fneg                             0x0800535f   Thumb Code     0  basic.o(x$fpl$basic)
    _fneg                                    0x0800535f   Thumb Code     6  basic.o(x$fpl$basic)
    _dabs                                    0x08005365   Thumb Code     6  basic.o(x$fpl$basic)
    _fabs                                    0x0800536b   Thumb Code     6  basic.o(x$fpl$basic)
    __aeabi_dadd                             0x08005371   Thumb Code     0  daddsub_clz.o(x$fpl$dadd)
    _dadd                                    0x08005371   Thumb Code   332  daddsub_clz.o(x$fpl$dadd)
    __fpl_dcmp_Inf                           0x080054c1   Thumb Code    24  dcmpi.o(x$fpl$dcmpinf)
    __aeabi_ddiv                             0x080054d9   Thumb Code     0  ddiv.o(x$fpl$ddiv)
    _ddiv                                    0x080054d9   Thumb Code   552  ddiv.o(x$fpl$ddiv)
    __aeabi_d2iz                             0x08005789   Thumb Code     0  dfix.o(x$fpl$dfix)
    _dfix                                    0x08005789   Thumb Code    94  dfix.o(x$fpl$dfix)
    __aeabi_i2d                              0x080057e7   Thumb Code     0  dflt_clz.o(x$fpl$dflt)
    _dflt                                    0x080057e7   Thumb Code    46  dflt_clz.o(x$fpl$dflt)
    __aeabi_ui2d                             0x08005815   Thumb Code     0  dflt_clz.o(x$fpl$dfltu)
    _dfltu                                   0x08005815   Thumb Code    38  dflt_clz.o(x$fpl$dfltu)
    __aeabi_cdcmple                          0x0800583d   Thumb Code     0  dleqf.o(x$fpl$dleqf)
    _dcmple                                  0x0800583d   Thumb Code   120  dleqf.o(x$fpl$dleqf)
    __fpl_dcmple_InfNaN                      0x0800589f   Thumb Code     0  dleqf.o(x$fpl$dleqf)
    __aeabi_dmul                             0x080058b5   Thumb Code     0  dmul.o(x$fpl$dmul)
    _dmul                                    0x080058b5   Thumb Code   332  dmul.o(x$fpl$dmul)
    __fpl_dnaninf                            0x08005a09   Thumb Code   156  dnaninf.o(x$fpl$dnaninf)
    __fpl_dretinf                            0x08005aa5   Thumb Code    12  dretinf.o(x$fpl$dretinf)
    __aeabi_cdrcmple                         0x08005ab1   Thumb Code     0  drleqf.o(x$fpl$drleqf)
    _drcmple                                 0x08005ab1   Thumb Code   108  drleqf.o(x$fpl$drleqf)
    __aeabi_drsub                            0x08005b1d   Thumb Code     0  daddsub_clz.o(x$fpl$drsb)
    _drsb                                    0x08005b1d   Thumb Code    22  daddsub_clz.o(x$fpl$drsb)
    _dsqrt                                   0x08005b35   Thumb Code   404  dsqrt_umaal.o(x$fpl$dsqrt)
    __aeabi_dsub                             0x08005ccd   Thumb Code     0  daddsub_clz.o(x$fpl$dsub)
    _dsub                                    0x08005ccd   Thumb Code   464  daddsub_clz.o(x$fpl$dsub)
    _fp_init                                 0x08005ea1   Thumb Code    10  fpinit.o(x$fpl$fpinit)
    __fplib_config_fpu_vfp                   0x08005ea9   Thumb Code     0  fpinit.o(x$fpl$fpinit)
    __fplib_config_pureend_doubles           0x08005ea9   Thumb Code     0  fpinit.o(x$fpl$fpinit)
    __I$use$fp                               0x08005eaa   Number         0  usenofp.o(x$fpl$usenofp)
    wCRC_Table                               0x08005eaa   Data         512  crc_check.o(.constdata)
    CRC8_TAB                                 0x080060aa   Data         256  crc_check.o(.constdata)
    Region$$Table$$Base                      0x08006248   Number         0  anon$$obj.o(Region$$Table)
    Region$$Table$$Limit                     0x08006268   Number         0  anon$$obj.o(Region$$Table)
    SystemCoreClock                          0x20000010   Data           4  system_stm32f4xx.o(.data)
    AHBPrescTable                            0x20000014   Data          16  system_stm32f4xx.o(.data)
    Work_mode                                0x20000024   Data           1  move.o(.data)
    Mode2_state                              0x20000025   Data           1  move.o(.data)
    Door_PWM                                 0x20000028   Data           4  move.o(.data)
    TTEST                                    0x2000002c   Data           1  move.o(.data)
    TAR_START                                0x2000002d   Data           1  move.o(.data)
    TAR_KICI_ANGLE                           0x20000030   Data           4  move.o(.data)
    KICK_num                                 0x20000034   Data           1  move.o(.data)
    workState                                0x20000038   Data           1  control.o(.data)
    time_1ms_count                           0x2000003c   Data           4  control.o(.data)
    Workstate                                0x20000040   Data           1  control.o(.data)
    Moto_TouchDown                           0x20000048   Data           8  abs_angle.o(.data)
    Abs_Angle_Init_Count                     0x20000050   Data           2  abs_angle.o(.data)
    AngleProportion                          0x20000054   Data           4  abs_angle.o(.data)
    time                                     0x20000058   Data           4  timer.o(.data)
    led_num                                  0x2000005c   Data           4  timer.o(.data)
    Angle_Init_flag                          0x20000060   Data           1  timer.o(.data)
    flag_key                                 0x20000061   Data           1  timer.o(.data)
    StdId_Num                                0x20000064   Data           4  can1.o(.data)
    Tx_Msg_Speed                             0x20000068   Data           8  can1.o(.data)
    Tx_Msg_Angle                             0x20000070   Data           8  can2.o(.data)
    mainboard_DMA_Tx_flag                    0x20000078   Data           1  dma1.o(.data)
    TR_Control                               0x2000007c   Data           8  ni_analysis.o(.data)
    CRC_result                               0x20000084   Data           1  ni_analysis.o(.data)
    end_fame                                 0x20000085   Data           1  ni_analysis.o(.data)
    TV_y                                     0x20000088   Data           4  ni_analysis.o(.data)
    TV_x                                     0x2000008c   Data           4  ni_analysis.o(.data)
    TV_w                                     0x20000090   Data           4  ni_analysis.o(.data)
    TragetSpeed                              0x20000094   Data          16  pid.o(.data)
    temp_tar                                 0x200000a4   Data           4  pid.o(.data)
    Target_kick                              0x200000a8   Data           4  pid.o(.data)
    PID_OUTPUT_LIMIT                         0x200000ac   Data           4  pid.o(.data)
    moto_dir_ctl                             0x200000b0   Data          80  main.o(.bss)
    moto_speed_ctl                           0x20000100   Data          64  main.o(.bss)
    moto_dir_ctl_temp                        0x20000140   Data          16  main.o(.bss)
    moto_speed_ctl_temp                      0x20000150   Data          16  main.o(.bss)
    Origin_Angle                             0x20000160   Data          16  move.o(.bss)
    ni_rx_buffer                             0x20000170   Data          30  dma1.o(.bss)
    mainboard_tx_buffer                      0x2000018e   Data          14  dma1.o(.bss)
    last_angle_temp                          0x2000019c   Data          20  rxanalysis.o(.bss)
    pid_position                             0x200001b0   Data         384  pid.o(.bss)
    pid_speed                                0x20000330   Data         192  pid.o(.bss)
    pid_kick                                 0x200003f0   Data          96  pid.o(.bss)
    TragetAngle                              0x20000450   Data          16  pid.o(.bss)
    __libspace_start                         0x20000460   Data          96  libspace.o(.bss)
    __temporary_stack_top$libspace           0x200004c0   Data           0  libspace.o(.bss)



==============================================================================

Memory Map of the image

  Image Entry point : 0x08000189

  Load Region LR_IROM1 (Base: 0x08000000, Size: 0x00006318, Max: 0x00100000, ABSOLUTE)

    Execution Region ER_IROM1 (Base: 0x08000000, Size: 0x00006268, Max: 0x00100000, ABSOLUTE)

    Base Addr    Size         Type   Attr      Idx    E Section Name        Object

    0x08000000   0x00000188   Data   RO          486    RESET               startup_stm32f40_41xxx.o
    0x08000188   0x00000008   Code   RO         1011  * !!!main             c_w.l(__main.o)
    0x08000190   0x00000034   Code   RO         1247    !!!scatter          c_w.l(__scatter.o)
    0x080001c4   0x0000001a   Code   RO         1249    !!handler_copy      c_w.l(__scatter_copy.o)
    0x080001de   0x00000002   PAD
    0x080001e0   0x0000001c   Code   RO         1251    !!handler_zi        c_w.l(__scatter_zi.o)
    0x080001fc   0x00000002   Code   RO         1127    .ARM.Collect$$libinit$$00000000  c_w.l(libinit.o)
    0x080001fe   0x00000004   Code   RO         1130    .ARM.Collect$$libinit$$00000001  c_w.l(libinit2.o)
    0x08000202   0x00000000   Code   RO         1134    .ARM.Collect$$libinit$$00000008  c_w.l(libinit2.o)
    0x08000202   0x00000000   Code   RO         1136    .ARM.Collect$$libinit$$0000000A  c_w.l(libinit2.o)
    0x08000202   0x00000000   Code   RO         1138    .ARM.Collect$$libinit$$0000000C  c_w.l(libinit2.o)
    0x08000202   0x00000000   Code   RO         1141    .ARM.Collect$$libinit$$0000000F  c_w.l(libinit2.o)
    0x08000202   0x00000000   Code   RO         1143    .ARM.Collect$$libinit$$00000011  c_w.l(libinit2.o)
    0x08000202   0x00000000   Code   RO         1145    .ARM.Collect$$libinit$$00000013  c_w.l(libinit2.o)
    0x08000202   0x00000000   Code   RO         1147    .ARM.Collect$$libinit$$00000015  c_w.l(libinit2.o)
    0x08000202   0x00000000   Code   RO         1149    .ARM.Collect$$libinit$$00000017  c_w.l(libinit2.o)
    0x08000202   0x00000000   Code   RO         1151    .ARM.Collect$$libinit$$00000019  c_w.l(libinit2.o)
    0x08000202   0x00000000   Code   RO         1153    .ARM.Collect$$libinit$$0000001B  c_w.l(libinit2.o)
    0x08000202   0x00000000   Code   RO         1155    .ARM.Collect$$libinit$$0000001D  c_w.l(libinit2.o)
    0x08000202   0x00000000   Code   RO         1157    .ARM.Collect$$libinit$$0000001F  c_w.l(libinit2.o)
    0x08000202   0x00000000   Code   RO         1159    .ARM.Collect$$libinit$$00000021  c_w.l(libinit2.o)
    0x08000202   0x00000000   Code   RO         1161    .ARM.Collect$$libinit$$00000023  c_w.l(libinit2.o)
    0x08000202   0x00000000   Code   RO         1165    .ARM.Collect$$libinit$$0000002A  c_w.l(libinit2.o)
    0x08000202   0x00000000   Code   RO         1167    .ARM.Collect$$libinit$$0000002C  c_w.l(libinit2.o)
    0x08000202   0x00000000   Code   RO         1169    .ARM.Collect$$libinit$$0000002E  c_w.l(libinit2.o)
    0x08000202   0x00000000   Code   RO         1171    .ARM.Collect$$libinit$$00000030  c_w.l(libinit2.o)
    0x08000202   0x00000002   Code   RO         1172    .ARM.Collect$$libinit$$00000031  c_w.l(libinit2.o)
    0x08000204   0x00000002   Code   RO         1190    .ARM.Collect$$libshutdown$$00000000  c_w.l(libshutdown.o)
    0x08000206   0x00000000   Code   RO         1201    .ARM.Collect$$libshutdown$$00000003  c_w.l(libshutdown2.o)
    0x08000206   0x00000000   Code   RO         1204    .ARM.Collect$$libshutdown$$00000006  c_w.l(libshutdown2.o)
    0x08000206   0x00000000   Code   RO         1207    .ARM.Collect$$libshutdown$$00000009  c_w.l(libshutdown2.o)
    0x08000206   0x00000000   Code   RO         1209    .ARM.Collect$$libshutdown$$0000000B  c_w.l(libshutdown2.o)
    0x08000206   0x00000000   Code   RO         1212    .ARM.Collect$$libshutdown$$0000000E  c_w.l(libshutdown2.o)
    0x08000206   0x00000002   Code   RO         1213    .ARM.Collect$$libshutdown$$0000000F  c_w.l(libshutdown2.o)
    0x08000208   0x00000000   Code   RO         1059    .ARM.Collect$$rtentry$$00000000  c_w.l(rtentry.o)
    0x08000208   0x00000000   Code   RO         1094    .ARM.Collect$$rtentry$$00000002  c_w.l(rtentry2.o)
    0x08000208   0x00000006   Code   RO         1106    .ARM.Collect$$rtentry$$00000004  c_w.l(rtentry4.o)
    0x0800020e   0x00000000   Code   RO         1096    .ARM.Collect$$rtentry$$00000009  c_w.l(rtentry2.o)
    0x0800020e   0x00000004   Code   RO         1097    .ARM.Collect$$rtentry$$0000000A  c_w.l(rtentry2.o)
    0x08000212   0x00000000   Code   RO         1099    .ARM.Collect$$rtentry$$0000000C  c_w.l(rtentry2.o)
    0x08000212   0x00000008   Code   RO         1100    .ARM.Collect$$rtentry$$0000000D  c_w.l(rtentry2.o)
    0x0800021a   0x00000002   Code   RO         1128    .ARM.Collect$$rtexit$$00000000  c_w.l(rtexit.o)
    0x0800021c   0x00000000   Code   RO         1174    .ARM.Collect$$rtexit$$00000002  c_w.l(rtexit2.o)
    0x0800021c   0x00000004   Code   RO         1175    .ARM.Collect$$rtexit$$00000003  c_w.l(rtexit2.o)
    0x08000220   0x00000006   Code   RO         1176    .ARM.Collect$$rtexit$$00000004  c_w.l(rtexit2.o)
    0x08000226   0x00000008   Code   RO            3    .text               main.o
    0x0800022e   0x00000002   PAD
    0x08000230   0x000000c8   Code   RO          206    .text               usart.o
    0x080002f8   0x000000e0   Code   RO          384    .text               misc.o
    0x080003d8   0x00000294   Code   RO          404    .text               stm32f4xx_gpio.o
    0x0800066c   0x0000065c   Code   RO          424    .text               stm32f4xx_rcc.o
    0x08000cc8   0x00000ca2   Code   RO          446    .text               stm32f4xx_tim.o
    0x0800196a   0x00000002   PAD
    0x0800196c   0x00000454   Code   RO          466    .text               stm32f4xx_usart.o
    0x08001dc0   0x00000040   Code   RO          487    .text               startup_stm32f40_41xxx.o
    0x08001e00   0x0000001a   Code   RO          493    .text               stm32f4xx_it.o
    0x08001e1a   0x00000002   PAD
    0x08001e1c   0x00000210   Code   RO          542    .text               system_stm32f4xx.o
    0x0800202c   0x000009f0   Code   RO          568    .text               stm32f4xx_can.o
    0x08002a1c   0x000003a8   Code   RO          588    .text               stm32f4xx_dma.o
    0x08002dc4   0x000001d4   Code   RO          628    .text               move.o
    0x08002f98   0x000001e8   Code   RO          656    .text               control.o
    0x08003180   0x00000218   Code   RO          710    .text               abs_angle.o
    0x08003398   0x00000034   Code   RO          734    .text               led.o
    0x080033cc   0x00000130   Code   RO          754    .text               timer.o
    0x080034fc   0x0000003a   Code   RO          777    .text               bsp.o
    0x08003536   0x00000002   PAD
    0x08003538   0x000001a0   Code   RO          797    .text               can1.o
    0x080036d8   0x00000208   Code   RO          820    .text               can2.o
    0x080038e0   0x00000030   Code   RO          844    .text               key.o
    0x08003910   0x00000350   Code   RO          864    .text               dma1.o
    0x08003c60   0x00000030   Code   RO          889    .text               gpio.o
    0x08003c90   0x00000298   Code   RO          909    .text               rxanalysis.o
    0x08003f28   0x00000054   Code   RO          933    .text               crc_check.o
    0x08003f7c   0x0000032c   Code   RO          956    .text               ni_analysis.o
    0x080042a8   0x00000a74   Code   RO          980    .text               pid.o
    0x08004d1c   0x00000002   Code   RO         1005    .text               c_w.l(use_no_semi_2.o)
    0x08004d1e   0x0000008a   Code   RO         1007    .text               c_w.l(rt_memcpy_v6.o)
    0x08004da8   0x00000006   Code   RO         1009    .text               c_w.l(heapauxi.o)
    0x08004dae   0x00000002   Code   RO         1057    .text               c_w.l(use_no_semi.o)
    0x08004db0   0x00000016   Code   RO         1060    .text               c_w.l(_rserrno.o)
    0x08004dc6   0x00000064   Code   RO         1062    .text               c_w.l(rt_memcpy_w.o)
    0x08004e2a   0x00000002   PAD
    0x08004e2c   0x00000008   Code   RO         1111    .text               c_w.l(rt_errno_addr_intlibspace.o)
    0x08004e34   0x00000008   Code   RO         1115    .text               c_w.l(libspace.o)
    0x08004e3c   0x0000004a   Code   RO         1118    .text               c_w.l(sys_stackheap_outer.o)
    0x08004e86   0x0000000c   Code   RO         1120    .text               c_w.l(exit.o)
    0x08004e92   0x00000030   Code   RO         1089    i.__ARM_fpclassify  m_wm.l(fpclassify.o)
    0x08004ec2   0x00000006   PAD
    0x08004ec8   0x000002e0   Code   RO         1031    i.__hardfp_atan     m_wm.l(atan.o)
    0x080051a8   0x0000007a   Code   RO         1045    i.__hardfp_sqrt     m_wm.l(sqrt.o)
    0x08005222   0x000000f8   Code   RO         1091    i.__kernel_poly     m_wm.l(poly.o)
    0x0800531a   0x00000006   PAD
    0x08005320   0x00000020   Code   RO         1081    i.__mathlib_dbl_underflow  m_wm.l(dunder.o)
    0x08005340   0x00000018   Code   RO         1085    i.fabs              m_wm.l(fabs.o)
    0x08005358   0x00000018   Code   RO         1064    x$fpl$basic         fz_wm.l(basic.o)
    0x08005370   0x00000150   Code   RO         1066    x$fpl$dadd          fz_wm.l(daddsub_clz.o)
    0x080054c0   0x00000018   Code   RO         1113    x$fpl$dcmpinf       fz_wm.l(dcmpi.o)
    0x080054d8   0x000002b0   Code   RO         1014    x$fpl$ddiv          fz_wm.l(ddiv.o)
    0x08005788   0x0000005e   Code   RO         1017    x$fpl$dfix          fz_wm.l(dfix.o)
    0x080057e6   0x0000002e   Code   RO         1022    x$fpl$dflt          fz_wm.l(dflt_clz.o)
    0x08005814   0x00000026   Code   RO         1021    x$fpl$dfltu         fz_wm.l(dflt_clz.o)
    0x0800583a   0x00000002   PAD
    0x0800583c   0x00000078   Code   RO         1072    x$fpl$dleqf         fz_wm.l(dleqf.o)
    0x080058b4   0x00000154   Code   RO         1027    x$fpl$dmul          fz_wm.l(dmul.o)
    0x08005a08   0x0000009c   Code   RO         1074    x$fpl$dnaninf       fz_wm.l(dnaninf.o)
    0x08005aa4   0x0000000c   Code   RO         1076    x$fpl$dretinf       fz_wm.l(dretinf.o)
    0x08005ab0   0x0000006c   Code   RO         1029    x$fpl$drleqf        fz_wm.l(drleqf.o)
    0x08005b1c   0x00000016   Code   RO         1067    x$fpl$drsb          fz_wm.l(daddsub_clz.o)
    0x08005b32   0x00000002   PAD
    0x08005b34   0x00000198   Code   RO         1078    x$fpl$dsqrt         fz_wm.l(dsqrt_umaal.o)
    0x08005ccc   0x000001d4   Code   RO         1068    x$fpl$dsub          fz_wm.l(daddsub_clz.o)
    0x08005ea0   0x0000000a   Code   RO         1182    x$fpl$fpinit        fz_wm.l(fpinit.o)
    0x08005eaa   0x00000000   Code   RO         1080    x$fpl$usenofp       fz_wm.l(usenofp.o)
    0x08005eaa   0x00000300   Data   RO          934    .constdata          crc_check.o
    0x080061aa   0x00000006   PAD
    0x080061b0   0x00000098   Data   RO         1034    .constdata          m_wm.l(atan.o)
    0x08006248   0x00000020   Data   RO         1245    Region$$Table       anon$$obj.o


    Execution Region RW_IRAM1 (Base: 0x20000000, Size: 0x00000ac0, Max: 0x00020000, ABSOLUTE)

    Base Addr    Size         Type   Attr      Idx    E Section Name        Object

    0x20000000   0x00000010   Data   RW          425    .data               stm32f4xx_rcc.o
    0x20000010   0x00000014   Data   RW          543    .data               system_stm32f4xx.o
    0x20000024   0x00000011   Data   RW          630    .data               move.o
    0x20000035   0x00000003   PAD
    0x20000038   0x00000010   Data   RW          657    .data               control.o
    0x20000048   0x00000010   Data   RW          711    .data               abs_angle.o
    0x20000058   0x0000000b   Data   RW          755    .data               timer.o
    0x20000063   0x00000001   PAD
    0x20000064   0x0000000c   Data   RW          798    .data               can1.o
    0x20000070   0x00000008   Data   RW          821    .data               can2.o
    0x20000078   0x00000001   Data   RW          866    .data               dma1.o
    0x20000079   0x00000003   PAD
    0x2000007c   0x00000018   Data   RW          957    .data               ni_analysis.o
    0x20000094   0x0000001c   Data   RW          982    .data               pid.o
    0x200000b0   0x000000b0   Zero   RW            4    .bss                main.o
    0x20000160   0x00000010   Zero   RW          629    .bss                move.o
    0x20000170   0x0000002c   Zero   RW          865    .bss                dma1.o
    0x2000019c   0x00000014   Zero   RW          910    .bss                rxanalysis.o
    0x200001b0   0x000002b0   Zero   RW          981    .bss                pid.o
    0x20000460   0x00000060   Zero   RW         1116    .bss                c_w.l(libspace.o)
    0x200004c0   0x00000200   Zero   RW          485    HEAP                startup_stm32f40_41xxx.o
    0x200006c0   0x00000400   Zero   RW          484    STACK               startup_stm32f40_41xxx.o


==============================================================================

Image component sizes


      Code (inc. data)   RO Data    RW Data    ZI Data      Debug   Object Name

       536         38          0         16          0       2182   abs_angle.o
        58          0          0          0          0        503   bsp.o
       416         14          0         12          0       2117   can1.o
       520         14          0          8          0       2524   can2.o
       488         48          0         16          0      28252   control.o
        84          8        768          0          0       1547   crc_check.o
       848         46          0          1         44       2460   dma1.o
        48          6          0          0          0        546   gpio.o
        48          6          0          0          0        523   key.o
        52          4          0          0          0        527   led.o
         8          0          0          0        176     289975   main.o
       224         20          0          0          0       1853   misc.o
       468         74          0         17         16       2880   move.o
       812         64          0         24          0       2176   ni_analysis.o
      2676        120          0         28        688       4074   pid.o
       664         22          0          0         20       1800   rxanalysis.o
        64         26        392          0       1536        836   startup_stm32f40_41xxx.o
      2544         38          0          0          0       8000   stm32f4xx_can.o
       936         32          0          0          0       6325   stm32f4xx_dma.o
       660         44          0          0          0       4125   stm32f4xx_gpio.o
        26          0          0          0          0       1210   stm32f4xx_it.o
      1628         52          0         16          0      12912   stm32f4xx_rcc.o
      3234         60          0          0          0      22328   stm32f4xx_tim.o
      1108         34          0          0          0       7828   stm32f4xx_usart.o
       528         46          0         20          0       1743   system_stm32f4xx.o
       304         26          0         11          0       1353   timer.o
       200          8          0          0          0     300667   usart.o

    ----------------------------------------------------------------------
     19190        850       1198        176       2480     711266   Object Totals
         0          0         32          0          0          0   (incl. Generated)
         8          0          6          7          0          0   (incl. Padding)

    ----------------------------------------------------------------------

      Code (inc. data)   RO Data    RW Data    ZI Data      Debug   Library Member Name

         8          0          0          0          0         68   __main.o
        52          8          0          0          0          0   __scatter.o
        26          0          0          0          0          0   __scatter_copy.o
        28          0          0          0          0          0   __scatter_zi.o
        22          0          0          0          0        100   _rserrno.o
        12          0          0          0          0         72   exit.o
         6          0          0          0          0        152   heapauxi.o
         2          0          0          0          0          0   libinit.o
         6          0          0          0          0          0   libinit2.o
         2          0          0          0          0          0   libshutdown.o
         2          0          0          0          0          0   libshutdown2.o
         8          4          0          0         96         68   libspace.o
         8          4          0          0          0         68   rt_errno_addr_intlibspace.o
       138          0          0          0          0         68   rt_memcpy_v6.o
       100          0          0          0          0         80   rt_memcpy_w.o
         0          0          0          0          0          0   rtentry.o
        12          0          0          0          0          0   rtentry2.o
         6          0          0          0          0          0   rtentry4.o
         2          0          0          0          0          0   rtexit.o
        10          0          0          0          0          0   rtexit2.o
        74          0          0          0          0         80   sys_stackheap_outer.o
         2          0          0          0          0         68   use_no_semi.o
         2          0          0          0          0         68   use_no_semi_2.o
        24          0          0          0          0        164   basic.o
       826         16          0          0          0        492   daddsub_clz.o
        24          0          0          0          0        116   dcmpi.o
       688        140          0          0          0        256   ddiv.o
        94          4          0          0          0        140   dfix.o
        84          0          0          0          0        232   dflt_clz.o
       120          4          0          0          0        140   dleqf.o
       340         12          0          0          0        152   dmul.o
       156          4          0          0          0        140   dnaninf.o
        12          0          0          0          0        116   dretinf.o
       108          0          0          0          0        128   drleqf.o
       408         56          0          0          0        168   dsqrt_umaal.o
        10          0          0          0          0        116   fpinit.o
         0          0          0          0          0          0   usenofp.o
       736        104        152          0          0        220   atan.o
        32          8          0          0          0        124   dunder.o
        24          0          0          0          0        124   fabs.o
        48          0          0          0          0        124   fpclassify.o
       248          0          0          0          0        152   poly.o
       122          0          0          0          0        148   sqrt.o

    ----------------------------------------------------------------------
      4652        364        152          0         96       4144   Library Totals
        20          0          0          0          0          0   (incl. Padding)

    ----------------------------------------------------------------------

      Code (inc. data)   RO Data    RW Data    ZI Data      Debug   Library Name

       528         16          0          0         96        892   c_w.l
      2894        236          0          0          0       2360   fz_wm.l
      1210        112        152          0          0        892   m_wm.l

    ----------------------------------------------------------------------
      4652        364        152          0         96       4144   Library Totals

    ----------------------------------------------------------------------

==============================================================================


      Code (inc. data)   RO Data    RW Data    ZI Data      Debug   

     23842       1214       1350        176       2576     708246   Grand Totals
     23842       1214       1350        176       2576     708246   ELF Image Totals
     23842       1214       1350        176          0          0   ROM Totals

==============================================================================

    Total RO  Size (Code + RO Data)                25192 (  24.60kB)
    Total RW  Size (RW Data + ZI Data)              2752 (   2.69kB)
    Total ROM Size (Code + RO Data + RW Data)      25368 (  24.77kB)

==============================================================================

