<html>
<body>
<pre>
<h1>礦ision Build Log</h1>
<h2>Project:</h2>
E:\源代码文件\Github\RC_TR_Code\RC_TR_Code\USER\MY_Template.uvproj
Project File Date:  08/07/2020

<h2>Output:</h2>
Build target 'Target 1'
compiling move.c...
linking...
Program Size: Code=21122 RO-data=1194 RW-data=212 ZI-data=2596  
FromELF: creating hex file...
"..\KEIL\MY_Template.axf" - 0 Error(s), 0 Warning(s).
Load "..\\KEIL\\MY_Template.axf" 
Set JLink Project File to "E:\源代码文件\Github\RC_TR_Code\RC_TR_Code\USER\JLinkSettings.ini"
* JLink Info: Device "STM32F405RG" selected (1024 KB flash, 128 KB RAM).
 
JLink info:
------------
DLL: V4.80g, compiled Feb 13 2014 20:50:02
Firmware: J-Link OB-STM32F072-CortexM compiled Sep 26 2016 10:03:56
Hardware: V1.00
Feature(s) : GDB, RDI, FlashBP, FlashDL, JFlash, RDDI 
 
* JLink Info: Found SWD-DP with ID 0x2BA01477
* JLink Info: Found SWD-DP with ID 0x2BA01477
* JLink Info: Found Cortex-M4 r0p1, Little endian.
* JLink Info: FPUnit: 6 code (BP) slots and 2 literal slots
* JLink Info: TPIU fitted.
* JLink Info: ETM fitted.
ROMTableAddr = 0xE00FF003
 
Target info:
------------
Device: STM32F405RG
VTarget = 3.300V
State of Pins: 
TCK: 0, TDI: 0, TDO: 1, TMS: 1, TRES: 1, TRST: 1
Hardware-Breakpoints: 6
Software-Breakpoints: 8192
Watchpoints:          4
JTAG speed: 2000 kHz
 
Erase Done.
Programming Done.
Verify OK.
Application running ...
</pre>
</body>
</html>
